  pch.cpp
  Activate.c
  AddCandidate.c
  AddExtraCandidates.c
  AddTourCandidates.c
  AdjustCandidateSet.c
  AdjustClusters.c
  AllocateStructures.c
  Ascent.c
  Best2OptMove.c
  Best3OptMove.c
  Best4OptMove.c
  Best5OptMove.c
  BestKOptMove.c
  BestSpecialOptMove.c
  Between.c
  Between_SL.c
  Between_SSL.c
  BIT.c
E:\code\c\c++\LKH\LKH_LIB\BIT.c(1,1): warning C4819: 该文件包含不能在当前代码页(936)中表示的字符。请将该文件保存为 Unicode 格式以防止数据丢失
E:\code\c\c++\LKH\LKH_LIB\BIT.c(60,32): warning C4334: “<<”: 32 位移位的结果被隐式转换为 64 位(是否希望进行 64 位移位?)
E:\code\c\c++\LKH\LKH_LIB\BIT.c(61,32): warning C4334: “<<”: 32 位移位的结果被隐式转换为 64 位(是否希望进行 64 位移位?)
  BridgeGain.c
  BuildKDTree.c
  正在生成代码...
  正在编译...
  C.c
E:\code\c\c++\LKH\LKH_LIB\C.c(183,21): warning C4244: “初始化”: 从“double”转换到“int”，可能丢失数据
E:\code\c\c++\LKH\LKH_LIB\C.c(196,26): warning C4244: “初始化”: 从“double”转换到“int”，可能丢失数据
  CandidateReport.c
  ChooseInitialTour.c
  Connect.c
  CreateCandidateSet.c
  CreateDelaunayCandidateSet.c
  CreateNNCandidateSet.c
  CreateQuadrantCandidateSet.c
  Create_POPMUSIC_CandidateSet.c
  CTSP_InitialTour.c
  CVRP_InitialTour.c
E:\code\c\c++\LKH\LKH_LIB\CVRP_InitialTour.c(101,29): warning C4244: “+=”: 从“double”转换到“GainType”，可能丢失数据
E:\code\c\c++\LKH\LKH_LIB\CVRP_InitialTour.c(139,57): warning C4244: “函数”: 从“double”转换到“size_t”，可能丢失数据
  Delaunay.c
  Distance.c
  Distance_MTSP.c
  Distance_SOP.c
  Distance_SPECIAL.c
  eprintf.c
  ERXT.c
  Excludable.c
  Exclude.c
  正在生成代码...
  正在编译...
  FindTour.c
  FixedOrCommonCandidates.c
  Flip.c
  Flip_SL.c
  Flip_SSL.c
  Forbidden.c
  FreeStructures.c
  fscanint.c
  Gain23.c
E:\code\c\c++\LKH\LKH_LIB\Gain23.c(49,9): warning C4033: “Gain23”必须返回值
  GCTSP_InitialTour.c
  GenerateCandidates.c
  Genetic.c
E:\code\c\c++\LKH\LKH_LIB\Genetic.c(1,1): warning C4819: 该文件包含不能在当前代码页(936)中表示的字符。请将该文件保存为 Unicode 格式以防止数据丢失
  GeoConversion.c
  GetTime.c
  gpx.c
E:\code\c\c++\LKH\LKH_LIB\gpx.c(899,19): warning C4018: “<”: 有符号/无符号不匹配
E:\code\c\c++\LKH\LKH_LIB\gpx.c(912,19): warning C4018: “<”: 有符号/无符号不匹配
E:\code\c\c++\LKH\LKH_LIB\gpx.c(967,19): warning C4018: “<”: 有符号/无符号不匹配
E:\code\c\c++\LKH\LKH_LIB\gpx.c(1251,19): warning C4018: “<”: 有符号/无符号不匹配
E:\code\c\c++\LKH\LKH_LIB\gpx.c(1344,23): warning C4018: “<”: 有符号/无符号不匹配
E:\code\c\c++\LKH\LKH_LIB\gpx.c(1386,19): warning C4018: “<”: 有符号/无符号不匹配
E:\code\c\c++\LKH\LKH_LIB\gpx.c(1439,19): warning C4018: “<”: 有符号/无符号不匹配
E:\code\c\c++\LKH\LKH_LIB\gpx.c(1534,27): warning C4018: “<”: 有符号/无符号不匹配
E:\code\c\c++\LKH\LKH_LIB\gpx.c(1587,19): warning C4018: “<”: 有符号/无符号不匹配
E:\code\c\c++\LKH\LKH_LIB\gpx.c(1588,15): warning C4018: “<”: 有符号/无符号不匹配
E:\code\c\c++\LKH\LKH_LIB\gpx.c(1636,19): warning C4018: “<”: 有符号/无符号不匹配
E:\code\c\c++\LKH\LKH_LIB\gpx.c(1642,19): warning C4018: “<”: 有符号/无符号不匹配
E:\code\c\c++\LKH\LKH_LIB\gpx.c(1713,19): warning C4018: “<”: 有符号/无符号不匹配
  GreedyTour.c
  Hashing.c
  Heap.c
  Improvement.c
  IsBackboneCandidate.c
  正在生成代码...
E:\code\c\c++\LKH\LKH_LIB\Gain23.c(283,1): warning C4715: “Gain23”: 不是所有的控件路径都返回值
  正在编译...
  IsCandidate.c
  IsCommonEdge.c
  IsPossibleCandidate.c
  KSwapKick.c
  KSwapKick.HUNT.c
  LinKernighan.c
  LKH.c
  LKHmain.c
  Make2OptMove.c
  Make3OptMove.c
  Make4OptMove.c
  Make5OptMove.c
  MakeKOptMove.c
  MergeTourWithBestTour.c
  MergeWithTourCLARIST.c
E:\code\c\c++\LKH\LKH_LIB\MergeWithTourCLARIST.c(82,23): warning C4244: “+=”: 从“double”转换到“GainType”，可能丢失数据
E:\code\c\c++\LKH\LKH_LIB\MergeWithTourCLARIST.c(83,23): warning C4244: “+=”: 从“double”转换到“GainType”，可能丢失数据
E:\code\c\c++\LKH\LKH_LIB\MergeWithTourCLARIST.c(150,20): warning C4244: “=”: 从“double”转换到“int”，可能丢失数据
E:\code\c\c++\LKH\LKH_LIB\MergeWithTourCLARIST.c(286,24): warning C4244: “return”: 从“double”转换到“int”，可能丢失数据
E:\code\c\c++\LKH\LKH_LIB\MergeWithTourCLARIST.c(434,24): warning C4244: “=”: 从“__int64”转换到“int”，可能丢失数据
E:\code\c\c++\LKH\LKH_LIB\MergeWithTourCLARIST.c(443,39): warning C4244: “=”: 从“__int64”转换到“int”，可能丢失数据
  MergeWithTourGPX2.c
  MergeWithTourIPT.c
  Minimum1TreeCost.c
  MinimumSpanningTree.c
  MTSP2TSP.c
  正在生成代码...
  正在编译...
  MTSP_InitialTour.c
E:\code\c\c++\LKH\LKH_LIB\MTSP_InitialTour.c(1,1): warning C4819: 该文件包含不能在当前代码页(936)中表示的字符。请将该文件保存为 Unicode 格式以防止数据丢失
E:\code\c\c++\LKH\LKH_LIB\MTSP_InitialTour.c(66,34): warning C4244: “*=”: 从“double”转换到“int”，可能丢失数据
  MTSP_Report.c
  MTSP_WriteSolution.c
  NormalizeNodeList.c
  NormalizeSegmentList.c
  OrderCandidateSet.c
  PatchCycles.c
  PCTSP_InitialTour.c
  PCTSP_RepairTour.c
  PDPTW_Reduce.c
E:\code\c\c++\LKH\LKH_LIB\PDPTW_Reduce.c(21,22): warning C4244: “函数”: 从“double”转换到“int”，可能丢失数据
  Penalty_1_PDTSP.c
  Penalty_ACVRP.c
E:\code\c\c++\LKH\LKH_LIB\Penalty_ACVRP.c(44,33): warning C4244: “+=”: 从“double”转换到“GainType”，可能丢失数据
E:\code\c\c++\LKH\LKH_LIB\Penalty_ACVRP.c(48,24): warning C4244: “+=”: 从“double”转换到“GainType”，可能丢失数据
  Penalty_BWTSP.c
  Penalty_CBnTSP.c
  Penalty_CBTSP.c
  Penalty_CCCTSP.c
  Penalty_CCVRP.c
  Penalty_CluVRP.c
E:\code\c\c++\LKH\LKH_LIB\Penalty_CluVRP.c(63,37): warning C4244: “+=”: 从“double”转换到“GainType”，可能丢失数据
E:\code\c\c++\LKH\LKH_LIB\Penalty_CluVRP.c(66,36): warning C4244: “+=”: 从“double”转换到“GainType”，可能丢失数据
  Penalty_CTSP.c
  Penalty_CTSP_D.c
  正在生成代码...
  正在编译...
  Penalty_CVRP.c
E:\code\c\c++\LKH\LKH_LIB\Penalty_CVRP.c(41,37): warning C4244: “+=”: 从“double”转换到“GainType”，可能丢失数据
E:\code\c\c++\LKH\LKH_LIB\Penalty_CVRP.c(44,36): warning C4244: “+=”: 从“double”转换到“GainType”，可能丢失数据
  Penalty_CVRPTW.c
E:\code\c\c++\LKH\LKH_LIB\Penalty_CVRPTW.c(21,24): warning C4244: “=”: 从“double”转换到“GainType”，可能丢失数据
E:\code\c\c++\LKH\LKH_LIB\Penalty_CVRPTW.c(27,32): warning C4244: “=”: 从“double”转换到“GainType”，可能丢失数据
E:\code\c\c++\LKH\LKH_LIB\Penalty_CVRPTW.c(29,34): warning C4244: “+=”: 从“double”转换到“GainType”，可能丢失数据
E:\code\c\c++\LKH\LKH_LIB\Penalty_CVRPTW.c(35,29): warning C4244: “+=”: 从“double”转换到“GainType”，可能丢失数据
E:\code\c\c++\LKH\LKH_LIB\Penalty_CVRPTW.c(47,28): warning C4244: “+=”: 从“double”转换到“GainType”，可能丢失数据
  Penalty_GCTSP.c
  Penalty_KTSP.c
  Penalty_M1_PDTSP.c
  Penalty_MLP.c
E:\code\c\c++\LKH\LKH_LIB\Penalty_MLP.c(23,37): warning C4244: “+=”: 从“double”转换到“GainType”，可能丢失数据
E:\code\c\c++\LKH\LKH_LIB\Penalty_MLP.c(31,40): warning C4244: “+=”: 从“double”转换到“GainType”，可能丢失数据
  Penalty_MSCTSP.c
  Penalty_MTSP.c
E:\code\c\c++\LKH\LKH_LIB\Penalty_MTSP.c(37,34): warning C4244: “+=”: 从“double”转换到“GainType”，可能丢失数据
  Penalty_M_PDTSP.c
  Penalty_OVRP.c
E:\code\c\c++\LKH\LKH_LIB\Penalty_OVRP.c(24,36): warning C4244: “=”: 从“double”转换到“GainType”，可能丢失数据
E:\code\c\c++\LKH\LKH_LIB\Penalty_OVRP.c(26,38): warning C4244: “+=”: 从“double”转换到“GainType”，可能丢失数据
E:\code\c\c++\LKH\LKH_LIB\Penalty_OVRP.c(32,33): warning C4244: “+=”: 从“double”转换到“GainType”，可能丢失数据
E:\code\c\c++\LKH\LKH_LIB\Penalty_OVRP.c(41,32): warning C4244: “+=”: 从“double”转换到“GainType”，可能丢失数据
  Penalty_PCTSP.c
  Penalty_PDPTW.c
E:\code\c\c++\LKH\LKH_LIB\Penalty_PDPTW.c(22,24): warning C4244: “=”: 从“double”转换到“GainType”，可能丢失数据
E:\code\c\c++\LKH\LKH_LIB\Penalty_PDPTW.c(30,32): warning C4244: “=”: 从“double”转换到“GainType”，可能丢失数据
E:\code\c\c++\LKH\LKH_LIB\Penalty_PDPTW.c(32,34): warning C4244: “+=”: 从“double”转换到“GainType”，可能丢失数据
E:\code\c\c++\LKH\LKH_LIB\Penalty_PDPTW.c(57,29): warning C4244: “+=”: 从“double”转换到“GainType”，可能丢失数据
E:\code\c\c++\LKH\LKH_LIB\Penalty_PDPTW.c(64,26): warning C4244: “+=”: 从“double”转换到“GainType”，可能丢失数据
  Penalty_PDTSP.c
  Penalty_PDTSPF.c
  Penalty_PDTSPL.c
  Penalty_PTSP.c
E:\code\c\c++\LKH\LKH_LIB\Penalty_PTSP.c(45,18): warning C4244: “return”: 从“double”转换到“GainType”，可能丢失数据
E:\code\c\c++\LKH\LKH_LIB\Penalty_PTSP.c(86,16): warning C4244: “return”: 从“double”转换到“GainType”，可能丢失数据
E:\code\c\c++\LKH\LKH_LIB\Penalty_PTSP.c(112,18): warning C4244: “return”: 从“const double”转换到“GainType”，可能丢失数据
  Penalty_RCTVRP.c
E:\code\c\c++\LKH\LKH_LIB\Penalty_RCTVRP.c(20,24): warning C4244: “=”: 从“double”转换到“GainType”，可能丢失数据
E:\code\c\c++\LKH\LKH_LIB\Penalty_RCTVRP.c(24,32): warning C4244: “=”: 从“double”转换到“GainType”，可能丢失数据
E:\code\c\c++\LKH\LKH_LIB\Penalty_RCTVRP.c(26,36): warning C4244: “+=”: 从“double”转换到“GainType”，可能丢失数据
E:\code\c\c++\LKH\LKH_LIB\Penalty_RCTVRP.c(32,29): warning C4244: “+=”: 从“double”转换到“GainType”，可能丢失数据
E:\code\c\c++\LKH\LKH_LIB\Penalty_RCTVRP.c(45,32): warning C4244: “+=”: 从“double”转换到“GainType”，可能丢失数据
E:\code\c\c++\LKH\LKH_LIB\Penalty_RCTVRP.c(53,28): warning C4244: “+=”: 从“double”转换到“GainType”，可能丢失数据
  Penalty_SOP.c
  Penalty_TRP.c
E:\code\c\c++\LKH\LKH_LIB\Penalty_TRP.c(24,37): warning C4244: “+=”: 从“double”转换到“GainType”，可能丢失数据
E:\code\c\c++\LKH\LKH_LIB\Penalty_TRP.c(32,40): warning C4244: “+=”: 从“double”转换到“GainType”，可能丢失数据
  Penalty_TSPDL.c
  正在生成代码...
  正在编译...
  Penalty_TSPPD.c
  Penalty_TSPTW.c
E:\code\c\c++\LKH\LKH_LIB\Penalty_TSPTW.c(13,24): warning C4244: “=”: 从“double”转换到“GainType”，可能丢失数据
E:\code\c\c++\LKH\LKH_LIB\Penalty_TSPTW.c(15,32): warning C4244: “+=”: 从“double”转换到“GainType”，可能丢失数据
E:\code\c\c++\LKH\LKH_LIB\Penalty_TSPTW.c(23,20): warning C4244: “+=”: 从“double”转换到“GainType”，可能丢失数据
  Penalty_VRPB.c
  Penalty_VRPBTW.c
E:\code\c\c++\LKH\LKH_LIB\Penalty_VRPBTW.c(23,24): warning C4244: “=”: 从“double”转换到“GainType”，可能丢失数据
E:\code\c\c++\LKH\LKH_LIB\Penalty_VRPBTW.c(27,32): warning C4244: “=”: 从“double”转换到“GainType”，可能丢失数据
E:\code\c\c++\LKH\LKH_LIB\Penalty_VRPBTW.c(29,34): warning C4244: “+=”: 从“double”转换到“GainType”，可能丢失数据
E:\code\c\c++\LKH\LKH_LIB\Penalty_VRPBTW.c(41,28): warning C4244: “+=”: 从“double”转换到“GainType”，可能丢失数据
E:\code\c\c++\LKH\LKH_LIB\Penalty_VRPBTW.c(49,28): warning C4244: “+=”: 从“double”转换到“GainType”，可能丢失数据
  Penalty_VRPPD.c
E:\code\c\c++\LKH\LKH_LIB\Penalty_VRPPD.c(37,25): warning C4244: “=”: 从“double”转换到“GainType”，可能丢失数据
E:\code\c\c++\LKH\LKH_LIB\Penalty_VRPPD.c(47,33): warning C4244: “=”: 从“double”转换到“GainType”，可能丢失数据
E:\code\c\c++\LKH\LKH_LIB\Penalty_VRPPD.c(49,35): warning C4244: “+=”: 从“double”转换到“GainType”，可能丢失数据
E:\code\c\c++\LKH\LKH_LIB\Penalty_VRPPD.c(54,30): warning C4244: “+=”: 从“double”转换到“GainType”，可能丢失数据
E:\code\c\c++\LKH\LKH_LIB\Penalty_VRPPD.c(59,31): warning C4244: “+=”: 从“double”转换到“GainType”，可能丢失数据
E:\code\c\c++\LKH\LKH_LIB\Penalty_VRPPD.c(63,28): warning C4244: “+=”: 从“double”转换到“GainType”，可能丢失数据
  printff.c
  PrintParameters.c
  Random.c
  ReadCandidates.c
  ReadEdges.c
  ReadLine.c
  ReadParameters.c
  ReadPenalties.c
  ReadProblem.c
E:\code\c\c++\LKH\LKH_LIB\ReadProblem.c(842,54): warning C4244: “+=”: 从“double”转换到“int”，可能丢失数据
E:\code\c\c++\LKH\LKH_LIB\ReadProblem.c(1355,13): warning C4244: “=”: 从“double”转换到“int”，可能丢失数据
E:\code\c\c++\LKH\LKH_LIB\ReadProblem.c(1376,25): warning C4244: “=”: 从“double”转换到“int”，可能丢失数据
E:\code\c\c++\LKH\LKH_LIB\ReadProblem.c(1504,21): warning C4244: “=”: 从“double”转换到“int”，可能丢失数据
E:\code\c\c++\LKH\LKH_LIB\ReadProblem.c(1521,21): warning C4244: “=”: 从“double”转换到“int”，可能丢失数据
E:\code\c\c++\LKH\LKH_LIB\ReadProblem.c(1536,21): warning C4244: “=”: 从“double”转换到“int”，可能丢失数据
E:\code\c\c++\LKH\LKH_LIB\ReadProblem.c(1553,21): warning C4244: “=”: 从“double”转换到“int”，可能丢失数据
E:\code\c\c++\LKH\LKH_LIB\ReadProblem.c(1570,21): warning C4244: “=”: 从“double”转换到“int”，可能丢失数据
E:\code\c\c++\LKH\LKH_LIB\ReadProblem.c(1586,21): warning C4244: “=”: 从“double”转换到“int”，可能丢失数据
E:\code\c\c++\LKH\LKH_LIB\ReadProblem.c(1601,21): warning C4244: “=”: 从“double”转换到“int”，可能丢失数据
E:\code\c\c++\LKH\LKH_LIB\ReadProblem.c(1618,21): warning C4244: “=”: 从“double”转换到“int”，可能丢失数据
E:\code\c\c++\LKH\LKH_LIB\ReadProblem.c(1635,21): warning C4244: “=”: 从“double”转换到“int”，可能丢失数据
  RecordBestTour.c
  RecordBetterTour.c
  RemoveFirstActive.c
  ResetCandidateSet.c
  RestoreTour.c
  SegmentSize.c
  正在生成代码...
  正在编译...
  Sequence.c
  SFCTour.c
  SINTEF_WriteSolution.c
  SolveCompressedSubproblem.c
  SolveDelaunaySubproblems.c
  SolveKarpSubproblems.c
  SolveKCenterSubproblems.c
  SolveKMeansSubproblems.c
  SolveRoheSubproblems.c
  SolveSFCSubproblems.c
  SolveSubproblem.c
  SolveSubproblemBorderProblems.c
  SolveTourSegmentSubproblems.c
  SOP_InitialTour.c
  SOP_RepairTour.c
  SOP_Report.c
  Statistics.c
  StatusReport.c
  StoreTour.c
  STTSP2TSP.c
  正在生成代码...
  正在编译...
  SymmetrizeCandidateSet.c
  TrimCandidateSet.c
  TSPDL_InitialTour.c
  TSPTW_MakespanCost.c
E:\code\c\c++\LKH\LKH_LIB\TSPTW_MakespanCost.c(15,24): warning C4244: “=”: 从“double”转换到“GainType”，可能丢失数据
  TSPTW_Reduce.c
  VRPB_Reduce.c
  WriteCandidates.c
  WritePenalties.c
  WriteTour.c
  正在生成代码...
  LKH_LIB.cpp
KSwapKick.obj : warning LNK4006: KSwapKick 已在 KSwapKick.HUNT.obj 中定义；已忽略第二个定义
  LKH_LIB.vcxproj -> E:\code\c\c++\LKH\LKH_LIB\x64\Debug\LKH_LIB.lib
