e:\code\c\c++\lkh\lkh_lib\lkh_lib\x64\debug\lkh_lib.pch
e:\code\c\c++\lkh\lkh_lib\x64\debug\lkh_lib.pdb
e:\code\c\c++\lkh\lkh_lib\x64\debug\lkh_lib.idb
e:\code\c\c++\lkh\lkh_lib\lkh_lib\x64\debug\pch.obj
e:\code\c\c++\lkh\lkh_lib\lkh_lib\x64\debug\buildkdtree.obj
e:\code\c\c++\lkh\lkh_lib\lkh_lib\x64\debug\bridgegain.obj
e:\code\c\c++\lkh\lkh_lib\lkh_lib\x64\debug\bit.obj
e:\code\c\c++\lkh\lkh_lib\lkh_lib\x64\debug\between_ssl.obj
e:\code\c\c++\lkh\lkh_lib\lkh_lib\x64\debug\between_sl.obj
e:\code\c\c++\lkh\lkh_lib\lkh_lib\x64\debug\between.obj
e:\code\c\c++\lkh\lkh_lib\lkh_lib\x64\debug\bestspecialoptmove.obj
e:\code\c\c++\lkh\lkh_lib\lkh_lib\x64\debug\bestkoptmove.obj
e:\code\c\c++\lkh\lkh_lib\lkh_lib\x64\debug\best5optmove.obj
e:\code\c\c++\lkh\lkh_lib\lkh_lib\x64\debug\best4optmove.obj
e:\code\c\c++\lkh\lkh_lib\lkh_lib\x64\debug\best3optmove.obj
e:\code\c\c++\lkh\lkh_lib\lkh_lib\x64\debug\best2optmove.obj
e:\code\c\c++\lkh\lkh_lib\lkh_lib\x64\debug\ascent.obj
e:\code\c\c++\lkh\lkh_lib\lkh_lib\x64\debug\allocatestructures.obj
e:\code\c\c++\lkh\lkh_lib\lkh_lib\x64\debug\adjustclusters.obj
e:\code\c\c++\lkh\lkh_lib\lkh_lib\x64\debug\adjustcandidateset.obj
e:\code\c\c++\lkh\lkh_lib\lkh_lib\x64\debug\addtourcandidates.obj
e:\code\c\c++\lkh\lkh_lib\lkh_lib\x64\debug\addextracandidates.obj
e:\code\c\c++\lkh\lkh_lib\lkh_lib\x64\debug\addcandidate.obj
e:\code\c\c++\lkh\lkh_lib\lkh_lib\x64\debug\activate.obj
e:\code\c\c++\lkh\lkh_lib\lkh_lib\x64\debug\exclude.obj
e:\code\c\c++\lkh\lkh_lib\lkh_lib\x64\debug\excludable.obj
e:\code\c\c++\lkh\lkh_lib\lkh_lib\x64\debug\erxt.obj
e:\code\c\c++\lkh\lkh_lib\lkh_lib\x64\debug\eprintf.obj
e:\code\c\c++\lkh\lkh_lib\lkh_lib\x64\debug\distance_special.obj
e:\code\c\c++\lkh\lkh_lib\lkh_lib\x64\debug\distance_sop.obj
e:\code\c\c++\lkh\lkh_lib\lkh_lib\x64\debug\distance_mtsp.obj
e:\code\c\c++\lkh\lkh_lib\lkh_lib\x64\debug\distance.obj
e:\code\c\c++\lkh\lkh_lib\lkh_lib\x64\debug\delaunay.obj
e:\code\c\c++\lkh\lkh_lib\lkh_lib\x64\debug\cvrp_initialtour.obj
e:\code\c\c++\lkh\lkh_lib\lkh_lib\x64\debug\ctsp_initialtour.obj
e:\code\c\c++\lkh\lkh_lib\lkh_lib\x64\debug\create_popmusic_candidateset.obj
e:\code\c\c++\lkh\lkh_lib\lkh_lib\x64\debug\createquadrantcandidateset.obj
e:\code\c\c++\lkh\lkh_lib\lkh_lib\x64\debug\createnncandidateset.obj
e:\code\c\c++\lkh\lkh_lib\lkh_lib\x64\debug\createdelaunaycandidateset.obj
e:\code\c\c++\lkh\lkh_lib\lkh_lib\x64\debug\createcandidateset.obj
e:\code\c\c++\lkh\lkh_lib\lkh_lib\x64\debug\connect.obj
e:\code\c\c++\lkh\lkh_lib\lkh_lib\x64\debug\chooseinitialtour.obj
e:\code\c\c++\lkh\lkh_lib\lkh_lib\x64\debug\candidatereport.obj
e:\code\c\c++\lkh\lkh_lib\lkh_lib\x64\debug\c.obj
e:\code\c\c++\lkh\lkh_lib\lkh_lib\x64\debug\isbackbonecandidate.obj
e:\code\c\c++\lkh\lkh_lib\lkh_lib\x64\debug\improvement.obj
e:\code\c\c++\lkh\lkh_lib\lkh_lib\x64\debug\heap.obj
e:\code\c\c++\lkh\lkh_lib\lkh_lib\x64\debug\hashing.obj
e:\code\c\c++\lkh\lkh_lib\lkh_lib\x64\debug\greedytour.obj
e:\code\c\c++\lkh\lkh_lib\lkh_lib\x64\debug\gpx.obj
e:\code\c\c++\lkh\lkh_lib\lkh_lib\x64\debug\gettime.obj
e:\code\c\c++\lkh\lkh_lib\lkh_lib\x64\debug\geoconversion.obj
e:\code\c\c++\lkh\lkh_lib\lkh_lib\x64\debug\genetic.obj
e:\code\c\c++\lkh\lkh_lib\lkh_lib\x64\debug\generatecandidates.obj
e:\code\c\c++\lkh\lkh_lib\lkh_lib\x64\debug\gctsp_initialtour.obj
e:\code\c\c++\lkh\lkh_lib\lkh_lib\x64\debug\gain23.obj
e:\code\c\c++\lkh\lkh_lib\lkh_lib\x64\debug\fscanint.obj
e:\code\c\c++\lkh\lkh_lib\lkh_lib\x64\debug\freestructures.obj
e:\code\c\c++\lkh\lkh_lib\lkh_lib\x64\debug\forbidden.obj
e:\code\c\c++\lkh\lkh_lib\lkh_lib\x64\debug\flip_ssl.obj
e:\code\c\c++\lkh\lkh_lib\lkh_lib\x64\debug\flip_sl.obj
e:\code\c\c++\lkh\lkh_lib\lkh_lib\x64\debug\flip.obj
e:\code\c\c++\lkh\lkh_lib\lkh_lib\x64\debug\fixedorcommoncandidates.obj
e:\code\c\c++\lkh\lkh_lib\lkh_lib\x64\debug\findtour.obj
e:\code\c\c++\lkh\lkh_lib\lkh_lib\x64\debug\mtsp2tsp.obj
e:\code\c\c++\lkh\lkh_lib\lkh_lib\x64\debug\minimumspanningtree.obj
e:\code\c\c++\lkh\lkh_lib\lkh_lib\x64\debug\minimum1treecost.obj
e:\code\c\c++\lkh\lkh_lib\lkh_lib\x64\debug\mergewithtouript.obj
e:\code\c\c++\lkh\lkh_lib\lkh_lib\x64\debug\mergewithtourgpx2.obj
e:\code\c\c++\lkh\lkh_lib\lkh_lib\x64\debug\mergewithtourclarist.obj
e:\code\c\c++\lkh\lkh_lib\lkh_lib\x64\debug\mergetourwithbesttour.obj
e:\code\c\c++\lkh\lkh_lib\lkh_lib\x64\debug\makekoptmove.obj
e:\code\c\c++\lkh\lkh_lib\lkh_lib\x64\debug\make5optmove.obj
e:\code\c\c++\lkh\lkh_lib\lkh_lib\x64\debug\make4optmove.obj
e:\code\c\c++\lkh\lkh_lib\lkh_lib\x64\debug\make3optmove.obj
e:\code\c\c++\lkh\lkh_lib\lkh_lib\x64\debug\make2optmove.obj
e:\code\c\c++\lkh\lkh_lib\lkh_lib\x64\debug\lkhmain.obj
e:\code\c\c++\lkh\lkh_lib\lkh_lib\x64\debug\lkh.obj
e:\code\c\c++\lkh\lkh_lib\lkh_lib\x64\debug\linkernighan.obj
e:\code\c\c++\lkh\lkh_lib\lkh_lib\x64\debug\kswapkick.hunt.obj
e:\code\c\c++\lkh\lkh_lib\lkh_lib\x64\debug\kswapkick.obj
e:\code\c\c++\lkh\lkh_lib\lkh_lib\x64\debug\ispossiblecandidate.obj
e:\code\c\c++\lkh\lkh_lib\lkh_lib\x64\debug\iscommonedge.obj
e:\code\c\c++\lkh\lkh_lib\lkh_lib\x64\debug\iscandidate.obj
e:\code\c\c++\lkh\lkh_lib\lkh_lib\x64\debug\penalty_ctsp_d.obj
e:\code\c\c++\lkh\lkh_lib\lkh_lib\x64\debug\penalty_ctsp.obj
e:\code\c\c++\lkh\lkh_lib\lkh_lib\x64\debug\penalty_cluvrp.obj
e:\code\c\c++\lkh\lkh_lib\lkh_lib\x64\debug\penalty_ccvrp.obj
e:\code\c\c++\lkh\lkh_lib\lkh_lib\x64\debug\penalty_ccctsp.obj
e:\code\c\c++\lkh\lkh_lib\lkh_lib\x64\debug\penalty_cbtsp.obj
e:\code\c\c++\lkh\lkh_lib\lkh_lib\x64\debug\penalty_cbntsp.obj
e:\code\c\c++\lkh\lkh_lib\lkh_lib\x64\debug\penalty_bwtsp.obj
e:\code\c\c++\lkh\lkh_lib\lkh_lib\x64\debug\penalty_acvrp.obj
e:\code\c\c++\lkh\lkh_lib\lkh_lib\x64\debug\penalty_1_pdtsp.obj
e:\code\c\c++\lkh\lkh_lib\lkh_lib\x64\debug\pdptw_reduce.obj
e:\code\c\c++\lkh\lkh_lib\lkh_lib\x64\debug\pctsp_repairtour.obj
e:\code\c\c++\lkh\lkh_lib\lkh_lib\x64\debug\pctsp_initialtour.obj
e:\code\c\c++\lkh\lkh_lib\lkh_lib\x64\debug\patchcycles.obj
e:\code\c\c++\lkh\lkh_lib\lkh_lib\x64\debug\ordercandidateset.obj
e:\code\c\c++\lkh\lkh_lib\lkh_lib\x64\debug\normalizesegmentlist.obj
e:\code\c\c++\lkh\lkh_lib\lkh_lib\x64\debug\normalizenodelist.obj
e:\code\c\c++\lkh\lkh_lib\lkh_lib\x64\debug\mtsp_writesolution.obj
e:\code\c\c++\lkh\lkh_lib\lkh_lib\x64\debug\mtsp_report.obj
e:\code\c\c++\lkh\lkh_lib\lkh_lib\x64\debug\mtsp_initialtour.obj
e:\code\c\c++\lkh\lkh_lib\lkh_lib\x64\debug\penalty_tspdl.obj
e:\code\c\c++\lkh\lkh_lib\lkh_lib\x64\debug\penalty_trp.obj
e:\code\c\c++\lkh\lkh_lib\lkh_lib\x64\debug\penalty_sop.obj
e:\code\c\c++\lkh\lkh_lib\lkh_lib\x64\debug\penalty_rctvrp.obj
e:\code\c\c++\lkh\lkh_lib\lkh_lib\x64\debug\penalty_ptsp.obj
e:\code\c\c++\lkh\lkh_lib\lkh_lib\x64\debug\penalty_pdtspl.obj
e:\code\c\c++\lkh\lkh_lib\lkh_lib\x64\debug\penalty_pdtspf.obj
e:\code\c\c++\lkh\lkh_lib\lkh_lib\x64\debug\penalty_pdtsp.obj
e:\code\c\c++\lkh\lkh_lib\lkh_lib\x64\debug\penalty_pdptw.obj
e:\code\c\c++\lkh\lkh_lib\lkh_lib\x64\debug\penalty_pctsp.obj
e:\code\c\c++\lkh\lkh_lib\lkh_lib\x64\debug\penalty_ovrp.obj
e:\code\c\c++\lkh\lkh_lib\lkh_lib\x64\debug\penalty_m_pdtsp.obj
e:\code\c\c++\lkh\lkh_lib\lkh_lib\x64\debug\penalty_mtsp.obj
e:\code\c\c++\lkh\lkh_lib\lkh_lib\x64\debug\penalty_msctsp.obj
e:\code\c\c++\lkh\lkh_lib\lkh_lib\x64\debug\penalty_mlp.obj
e:\code\c\c++\lkh\lkh_lib\lkh_lib\x64\debug\penalty_m1_pdtsp.obj
e:\code\c\c++\lkh\lkh_lib\lkh_lib\x64\debug\penalty_ktsp.obj
e:\code\c\c++\lkh\lkh_lib\lkh_lib\x64\debug\penalty_gctsp.obj
e:\code\c\c++\lkh\lkh_lib\lkh_lib\x64\debug\penalty_cvrptw.obj
e:\code\c\c++\lkh\lkh_lib\lkh_lib\x64\debug\penalty_cvrp.obj
e:\code\c\c++\lkh\lkh_lib\lkh_lib\x64\debug\segmentsize.obj
e:\code\c\c++\lkh\lkh_lib\lkh_lib\x64\debug\restoretour.obj
e:\code\c\c++\lkh\lkh_lib\lkh_lib\x64\debug\resetcandidateset.obj
e:\code\c\c++\lkh\lkh_lib\lkh_lib\x64\debug\removefirstactive.obj
e:\code\c\c++\lkh\lkh_lib\lkh_lib\x64\debug\recordbettertour.obj
e:\code\c\c++\lkh\lkh_lib\lkh_lib\x64\debug\recordbesttour.obj
e:\code\c\c++\lkh\lkh_lib\lkh_lib\x64\debug\readproblem.obj
e:\code\c\c++\lkh\lkh_lib\lkh_lib\x64\debug\readpenalties.obj
e:\code\c\c++\lkh\lkh_lib\lkh_lib\x64\debug\readparameters.obj
e:\code\c\c++\lkh\lkh_lib\lkh_lib\x64\debug\readline.obj
e:\code\c\c++\lkh\lkh_lib\lkh_lib\x64\debug\readedges.obj
e:\code\c\c++\lkh\lkh_lib\lkh_lib\x64\debug\readcandidates.obj
e:\code\c\c++\lkh\lkh_lib\lkh_lib\x64\debug\random.obj
e:\code\c\c++\lkh\lkh_lib\lkh_lib\x64\debug\printparameters.obj
e:\code\c\c++\lkh\lkh_lib\lkh_lib\x64\debug\printff.obj
e:\code\c\c++\lkh\lkh_lib\lkh_lib\x64\debug\penalty_vrppd.obj
e:\code\c\c++\lkh\lkh_lib\lkh_lib\x64\debug\penalty_vrpbtw.obj
e:\code\c\c++\lkh\lkh_lib\lkh_lib\x64\debug\penalty_vrpb.obj
e:\code\c\c++\lkh\lkh_lib\lkh_lib\x64\debug\penalty_tsptw.obj
e:\code\c\c++\lkh\lkh_lib\lkh_lib\x64\debug\penalty_tsppd.obj
e:\code\c\c++\lkh\lkh_lib\lkh_lib\x64\debug\sttsp2tsp.obj
e:\code\c\c++\lkh\lkh_lib\lkh_lib\x64\debug\storetour.obj
e:\code\c\c++\lkh\lkh_lib\lkh_lib\x64\debug\statusreport.obj
e:\code\c\c++\lkh\lkh_lib\lkh_lib\x64\debug\statistics.obj
e:\code\c\c++\lkh\lkh_lib\lkh_lib\x64\debug\sop_report.obj
e:\code\c\c++\lkh\lkh_lib\lkh_lib\x64\debug\sop_repairtour.obj
e:\code\c\c++\lkh\lkh_lib\lkh_lib\x64\debug\sop_initialtour.obj
e:\code\c\c++\lkh\lkh_lib\lkh_lib\x64\debug\solvetoursegmentsubproblems.obj
e:\code\c\c++\lkh\lkh_lib\lkh_lib\x64\debug\solvesubproblemborderproblems.obj
e:\code\c\c++\lkh\lkh_lib\lkh_lib\x64\debug\solvesubproblem.obj
e:\code\c\c++\lkh\lkh_lib\lkh_lib\x64\debug\solvesfcsubproblems.obj
e:\code\c\c++\lkh\lkh_lib\lkh_lib\x64\debug\solverohesubproblems.obj
e:\code\c\c++\lkh\lkh_lib\lkh_lib\x64\debug\solvekmeanssubproblems.obj
e:\code\c\c++\lkh\lkh_lib\lkh_lib\x64\debug\solvekcentersubproblems.obj
e:\code\c\c++\lkh\lkh_lib\lkh_lib\x64\debug\solvekarpsubproblems.obj
e:\code\c\c++\lkh\lkh_lib\lkh_lib\x64\debug\solvedelaunaysubproblems.obj
e:\code\c\c++\lkh\lkh_lib\lkh_lib\x64\debug\solvecompressedsubproblem.obj
e:\code\c\c++\lkh\lkh_lib\lkh_lib\x64\debug\sintef_writesolution.obj
e:\code\c\c++\lkh\lkh_lib\lkh_lib\x64\debug\sfctour.obj
e:\code\c\c++\lkh\lkh_lib\lkh_lib\x64\debug\sequence.obj
e:\code\c\c++\lkh\lkh_lib\lkh_lib\x64\debug\writetour.obj
e:\code\c\c++\lkh\lkh_lib\lkh_lib\x64\debug\writepenalties.obj
e:\code\c\c++\lkh\lkh_lib\lkh_lib\x64\debug\writecandidates.obj
e:\code\c\c++\lkh\lkh_lib\lkh_lib\x64\debug\vrpb_reduce.obj
e:\code\c\c++\lkh\lkh_lib\lkh_lib\x64\debug\tsptw_reduce.obj
e:\code\c\c++\lkh\lkh_lib\lkh_lib\x64\debug\tsptw_makespancost.obj
e:\code\c\c++\lkh\lkh_lib\lkh_lib\x64\debug\tspdl_initialtour.obj
e:\code\c\c++\lkh\lkh_lib\lkh_lib\x64\debug\trimcandidateset.obj
e:\code\c\c++\lkh\lkh_lib\lkh_lib\x64\debug\symmetrizecandidateset.obj
e:\code\c\c++\lkh\lkh_lib\lkh_lib\x64\debug\lkh_lib.obj
e:\code\c\c++\lkh\lkh_lib\x64\debug\lkh_lib.lib
e:\code\c\c++\lkh\lkh_lib\lkh_lib\x64\debug\lkh_lib.tlog\cl.command.1.tlog
e:\code\c\c++\lkh\lkh_lib\lkh_lib\x64\debug\lkh_lib.tlog\cl.items.tlog
e:\code\c\c++\lkh\lkh_lib\lkh_lib\x64\debug\lkh_lib.tlog\cl.read.1.tlog
e:\code\c\c++\lkh\lkh_lib\lkh_lib\x64\debug\lkh_lib.tlog\cl.write.1.tlog
e:\code\c\c++\lkh\lkh_lib\lkh_lib\x64\debug\lkh_lib.tlog\lib-link.read.1.tlog
e:\code\c\c++\lkh\lkh_lib\lkh_lib\x64\debug\lkh_lib.tlog\lib-link.write.1.tlog
e:\code\c\c++\lkh\lkh_lib\lkh_lib\x64\debug\lkh_lib.tlog\lib.command.1.tlog
