  正在清理远程项目目录
  正在验证源
  正在将源远程复制到“121.48.163.120”
  正在验证体系结构
  正在验证体系结构
  正在启动远程生成
  正在编译源:
  DroneScheduler.cpp
E:\code\visualst\MSBuild\Microsoft\VC\v170\Application Type\Linux\1.0\Linux.targets(437,5): error : g++ 已退出，代码为 2，请查看“输出窗口”-“生成输出”，了解详细信息(注意: 若要在“输出窗口”中查看详细信息，则可能需要在“工具选项”中更改生成输出的详细程度)。
  InitialSolutionGenerator.cpp
E:\code\visualst\MSBuild\Microsoft\VC\v170\Application Type\Linux\1.0\Linux.targets(437,5): error : g++ 已退出，代码为 2，请查看“输出窗口”-“生成输出”，了解详细信息(注意: 若要在“输出窗口”中查看详细信息，则可能需要在“工具选项”中更改生成输出的详细程度)。
  Activate.c
E:\code\visualst\MSBuild\Microsoft\VC\v170\Application Type\Linux\1.0\Linux.targets(437,5): error : g++ 已退出，代码为 2，请查看“输出窗口”-“生成输出”，了解详细信息(注意: 若要在“输出窗口”中查看详细信息，则可能需要在“工具选项”中更改生成输出的详细程度)。
  AddCandidate.c
E:\code\visualst\MSBuild\Microsoft\VC\v170\Application Type\Linux\1.0\Linux.targets(437,5): error : g++ 已退出，代码为 2，请查看“输出窗口”-“生成输出”，了解详细信息(注意: 若要在“输出窗口”中查看详细信息，则可能需要在“工具选项”中更改生成输出的详细程度)。
  AddExtraCandidates.c
E:\code\visualst\MSBuild\Microsoft\VC\v170\Application Type\Linux\1.0\Linux.targets(437,5): error : g++ 已退出，代码为 2，请查看“输出窗口”-“生成输出”，了解详细信息(注意: 若要在“输出窗口”中查看详细信息，则可能需要在“工具选项”中更改生成输出的详细程度)。
  AddTourCandidates.c
E:\code\visualst\MSBuild\Microsoft\VC\v170\Application Type\Linux\1.0\Linux.targets(437,5): error : g++ 已退出，代码为 2，请查看“输出窗口”-“生成输出”，了解详细信息(注意: 若要在“输出窗口”中查看详细信息，则可能需要在“工具选项”中更改生成输出的详细程度)。
  AdjustCandidateSet.c
E:\code\visualst\MSBuild\Microsoft\VC\v170\Application Type\Linux\1.0\Linux.targets(437,5): error : g++ 已退出，代码为 2，请查看“输出窗口”-“生成输出”，了解详细信息(注意: 若要在“输出窗口”中查看详细信息，则可能需要在“工具选项”中更改生成输出的详细程度)。
  AdjustClusters.c
E:\code\visualst\MSBuild\Microsoft\VC\v170\Application Type\Linux\1.0\Linux.targets(437,5): error : g++ 已退出，代码为 2，请查看“输出窗口”-“生成输出”，了解详细信息(注意: 若要在“输出窗口”中查看详细信息，则可能需要在“工具选项”中更改生成输出的详细程度)。
  AllocateStructures.c
E:\code\visualst\MSBuild\Microsoft\VC\v170\Application Type\Linux\1.0\Linux.targets(437,5): error : g++ 已退出，代码为 2，请查看“输出窗口”-“生成输出”，了解详细信息(注意: 若要在“输出窗口”中查看详细信息，则可能需要在“工具选项”中更改生成输出的详细程度)。
  Ascent.c
E:\code\visualst\MSBuild\Microsoft\VC\v170\Application Type\Linux\1.0\Linux.targets(437,5): error : g++ 已退出，代码为 2，请查看“输出窗口”-“生成输出”，了解详细信息(注意: 若要在“输出窗口”中查看详细信息，则可能需要在“工具选项”中更改生成输出的详细程度)。
  Best2OptMove.c
E:\code\visualst\MSBuild\Microsoft\VC\v170\Application Type\Linux\1.0\Linux.targets(437,5): error : g++ 已退出，代码为 2，请查看“输出窗口”-“生成输出”，了解详细信息(注意: 若要在“输出窗口”中查看详细信息，则可能需要在“工具选项”中更改生成输出的详细程度)。
  Best3OptMove.c
E:\code\visualst\MSBuild\Microsoft\VC\v170\Application Type\Linux\1.0\Linux.targets(437,5): error : g++ 已退出，代码为 2，请查看“输出窗口”-“生成输出”，了解详细信息(注意: 若要在“输出窗口”中查看详细信息，则可能需要在“工具选项”中更改生成输出的详细程度)。
  Best4OptMove.c
E:\code\visualst\MSBuild\Microsoft\VC\v170\Application Type\Linux\1.0\Linux.targets(437,5): error : g++ 已退出，代码为 2，请查看“输出窗口”-“生成输出”，了解详细信息(注意: 若要在“输出窗口”中查看详细信息，则可能需要在“工具选项”中更改生成输出的详细程度)。
  Best5OptMove.c
E:\code\visualst\MSBuild\Microsoft\VC\v170\Application Type\Linux\1.0\Linux.targets(437,5): error : g++ 已退出，代码为 2，请查看“输出窗口”-“生成输出”，了解详细信息(注意: 若要在“输出窗口”中查看详细信息，则可能需要在“工具选项”中更改生成输出的详细程度)。
  BestKOptMove.c
E:\code\visualst\MSBuild\Microsoft\VC\v170\Application Type\Linux\1.0\Linux.targets(437,5): error : g++ 已退出，代码为 2，请查看“输出窗口”-“生成输出”，了解详细信息(注意: 若要在“输出窗口”中查看详细信息，则可能需要在“工具选项”中更改生成输出的详细程度)。
  BestSpecialOptMove.c
E:\code\visualst\MSBuild\Microsoft\VC\v170\Application Type\Linux\1.0\Linux.targets(437,5): error : g++ 已退出，代码为 2，请查看“输出窗口”-“生成输出”，了解详细信息(注意: 若要在“输出窗口”中查看详细信息，则可能需要在“工具选项”中更改生成输出的详细程度)。
  Between.c
E:\code\visualst\MSBuild\Microsoft\VC\v170\Application Type\Linux\1.0\Linux.targets(437,5): error : g++ 已退出，代码为 2，请查看“输出窗口”-“生成输出”，了解详细信息(注意: 若要在“输出窗口”中查看详细信息，则可能需要在“工具选项”中更改生成输出的详细程度)。
  Between_SL.c
E:\code\visualst\MSBuild\Microsoft\VC\v170\Application Type\Linux\1.0\Linux.targets(437,5): error : g++ 已退出，代码为 2，请查看“输出窗口”-“生成输出”，了解详细信息(注意: 若要在“输出窗口”中查看详细信息，则可能需要在“工具选项”中更改生成输出的详细程度)。
  Between_SSL.c
E:\code\visualst\MSBuild\Microsoft\VC\v170\Application Type\Linux\1.0\Linux.targets(437,5): error : g++ 已退出，代码为 2，请查看“输出窗口”-“生成输出”，了解详细信息(注意: 若要在“输出窗口”中查看详细信息，则可能需要在“工具选项”中更改生成输出的详细程度)。
  BIT.c
E:\code\visualst\MSBuild\Microsoft\VC\v170\Application Type\Linux\1.0\Linux.targets(437,5): error : g++ 已退出，代码为 2，请查看“输出窗口”-“生成输出”，了解详细信息(注意: 若要在“输出窗口”中查看详细信息，则可能需要在“工具选项”中更改生成输出的详细程度)。
  BridgeGain.c
E:\code\visualst\MSBuild\Microsoft\VC\v170\Application Type\Linux\1.0\Linux.targets(437,5): error : g++ 已退出，代码为 2，请查看“输出窗口”-“生成输出”，了解详细信息(注意: 若要在“输出窗口”中查看详细信息，则可能需要在“工具选项”中更改生成输出的详细程度)。
  BuildKDTree.c
E:\code\visualst\MSBuild\Microsoft\VC\v170\Application Type\Linux\1.0\Linux.targets(437,5): error : g++ 已退出，代码为 2，请查看“输出窗口”-“生成输出”，了解详细信息(注意: 若要在“输出窗口”中查看详细信息，则可能需要在“工具选项”中更改生成输出的详细程度)。
  C.c
E:\code\visualst\MSBuild\Microsoft\VC\v170\Application Type\Linux\1.0\Linux.targets(437,5): error : g++ 已退出，代码为 2，请查看“输出窗口”-“生成输出”，了解详细信息(注意: 若要在“输出窗口”中查看详细信息，则可能需要在“工具选项”中更改生成输出的详细程度)。
  CandidateReport.c
E:\code\visualst\MSBuild\Microsoft\VC\v170\Application Type\Linux\1.0\Linux.targets(437,5): error : g++ 已退出，代码为 2，请查看“输出窗口”-“生成输出”，了解详细信息(注意: 若要在“输出窗口”中查看详细信息，则可能需要在“工具选项”中更改生成输出的详细程度)。
  ChooseInitialTour.c
E:\code\visualst\MSBuild\Microsoft\VC\v170\Application Type\Linux\1.0\Linux.targets(437,5): error : g++ 已退出，代码为 2，请查看“输出窗口”-“生成输出”，了解详细信息(注意: 若要在“输出窗口”中查看详细信息，则可能需要在“工具选项”中更改生成输出的详细程度)。
  Connect.c
E:\code\visualst\MSBuild\Microsoft\VC\v170\Application Type\Linux\1.0\Linux.targets(437,5): error : g++ 已退出，代码为 2，请查看“输出窗口”-“生成输出”，了解详细信息(注意: 若要在“输出窗口”中查看详细信息，则可能需要在“工具选项”中更改生成输出的详细程度)。
  CreateCandidateSet.c
E:\code\visualst\MSBuild\Microsoft\VC\v170\Application Type\Linux\1.0\Linux.targets(437,5): error : g++ 已退出，代码为 2，请查看“输出窗口”-“生成输出”，了解详细信息(注意: 若要在“输出窗口”中查看详细信息，则可能需要在“工具选项”中更改生成输出的详细程度)。
  CreateDelaunayCandidateSet.c
E:\code\visualst\MSBuild\Microsoft\VC\v170\Application Type\Linux\1.0\Linux.targets(437,5): error : g++ 已退出，代码为 2，请查看“输出窗口”-“生成输出”，了解详细信息(注意: 若要在“输出窗口”中查看详细信息，则可能需要在“工具选项”中更改生成输出的详细程度)。
  CreateNNCandidateSet.c
E:\code\visualst\MSBuild\Microsoft\VC\v170\Application Type\Linux\1.0\Linux.targets(437,5): error : g++ 已退出，代码为 2，请查看“输出窗口”-“生成输出”，了解详细信息(注意: 若要在“输出窗口”中查看详细信息，则可能需要在“工具选项”中更改生成输出的详细程度)。
  CreateQuadrantCandidateSet.c
E:\code\visualst\MSBuild\Microsoft\VC\v170\Application Type\Linux\1.0\Linux.targets(437,5): error : g++ 已退出，代码为 2，请查看“输出窗口”-“生成输出”，了解详细信息(注意: 若要在“输出窗口”中查看详细信息，则可能需要在“工具选项”中更改生成输出的详细程度)。
  Create_POPMUSIC_CandidateSet.c
E:\code\visualst\MSBuild\Microsoft\VC\v170\Application Type\Linux\1.0\Linux.targets(437,5): error : g++ 已退出，代码为 2，请查看“输出窗口”-“生成输出”，了解详细信息(注意: 若要在“输出窗口”中查看详细信息，则可能需要在“工具选项”中更改生成输出的详细程度)。
  CTSP_InitialTour.c
E:\code\visualst\MSBuild\Microsoft\VC\v170\Application Type\Linux\1.0\Linux.targets(437,5): error : g++ 已退出，代码为 2，请查看“输出窗口”-“生成输出”，了解详细信息(注意: 若要在“输出窗口”中查看详细信息，则可能需要在“工具选项”中更改生成输出的详细程度)。
  CVRP_InitialTour.c
E:\code\visualst\MSBuild\Microsoft\VC\v170\Application Type\Linux\1.0\Linux.targets(437,5): error : g++ 已退出，代码为 2，请查看“输出窗口”-“生成输出”，了解详细信息(注意: 若要在“输出窗口”中查看详细信息，则可能需要在“工具选项”中更改生成输出的详细程度)。
  Delaunay.c
E:\code\visualst\MSBuild\Microsoft\VC\v170\Application Type\Linux\1.0\Linux.targets(437,5): error : g++ 已退出，代码为 2，请查看“输出窗口”-“生成输出”，了解详细信息(注意: 若要在“输出窗口”中查看详细信息，则可能需要在“工具选项”中更改生成输出的详细程度)。
  Distance.c
E:\code\visualst\MSBuild\Microsoft\VC\v170\Application Type\Linux\1.0\Linux.targets(437,5): error : g++ 已退出，代码为 2，请查看“输出窗口”-“生成输出”，了解详细信息(注意: 若要在“输出窗口”中查看详细信息，则可能需要在“工具选项”中更改生成输出的详细程度)。
  Distance_MTSP.c
E:\code\visualst\MSBuild\Microsoft\VC\v170\Application Type\Linux\1.0\Linux.targets(437,5): error : g++ 已退出，代码为 2，请查看“输出窗口”-“生成输出”，了解详细信息(注意: 若要在“输出窗口”中查看详细信息，则可能需要在“工具选项”中更改生成输出的详细程度)。
  Distance_SOP.c
E:\code\visualst\MSBuild\Microsoft\VC\v170\Application Type\Linux\1.0\Linux.targets(437,5): error : g++ 已退出，代码为 2，请查看“输出窗口”-“生成输出”，了解详细信息(注意: 若要在“输出窗口”中查看详细信息，则可能需要在“工具选项”中更改生成输出的详细程度)。
  Distance_SPECIAL.c
E:\code\visualst\MSBuild\Microsoft\VC\v170\Application Type\Linux\1.0\Linux.targets(437,5): error : g++ 已退出，代码为 2，请查看“输出窗口”-“生成输出”，了解详细信息(注意: 若要在“输出窗口”中查看详细信息，则可能需要在“工具选项”中更改生成输出的详细程度)。
  eprintf.c
E:\code\visualst\MSBuild\Microsoft\VC\v170\Application Type\Linux\1.0\Linux.targets(437,5): error : g++ 已退出，代码为 2，请查看“输出窗口”-“生成输出”，了解详细信息(注意: 若要在“输出窗口”中查看详细信息，则可能需要在“工具选项”中更改生成输出的详细程度)。
  ERXT.c
E:\code\visualst\MSBuild\Microsoft\VC\v170\Application Type\Linux\1.0\Linux.targets(437,5): error : g++ 已退出，代码为 2，请查看“输出窗口”-“生成输出”，了解详细信息(注意: 若要在“输出窗口”中查看详细信息，则可能需要在“工具选项”中更改生成输出的详细程度)。
  Excludable.c
E:\code\visualst\MSBuild\Microsoft\VC\v170\Application Type\Linux\1.0\Linux.targets(437,5): error : g++ 已退出，代码为 2，请查看“输出窗口”-“生成输出”，了解详细信息(注意: 若要在“输出窗口”中查看详细信息，则可能需要在“工具选项”中更改生成输出的详细程度)。
  Exclude.c
E:\code\visualst\MSBuild\Microsoft\VC\v170\Application Type\Linux\1.0\Linux.targets(437,5): error : g++ 已退出，代码为 2，请查看“输出窗口”-“生成输出”，了解详细信息(注意: 若要在“输出窗口”中查看详细信息，则可能需要在“工具选项”中更改生成输出的详细程度)。
  FindTour.c
E:\code\visualst\MSBuild\Microsoft\VC\v170\Application Type\Linux\1.0\Linux.targets(437,5): error : g++ 已退出，代码为 2，请查看“输出窗口”-“生成输出”，了解详细信息(注意: 若要在“输出窗口”中查看详细信息，则可能需要在“工具选项”中更改生成输出的详细程度)。
  FixedOrCommonCandidates.c
E:\code\visualst\MSBuild\Microsoft\VC\v170\Application Type\Linux\1.0\Linux.targets(437,5): error : g++ 已退出，代码为 2，请查看“输出窗口”-“生成输出”，了解详细信息(注意: 若要在“输出窗口”中查看详细信息，则可能需要在“工具选项”中更改生成输出的详细程度)。
  Flip.c
E:\code\visualst\MSBuild\Microsoft\VC\v170\Application Type\Linux\1.0\Linux.targets(437,5): error : g++ 已退出，代码为 2，请查看“输出窗口”-“生成输出”，了解详细信息(注意: 若要在“输出窗口”中查看详细信息，则可能需要在“工具选项”中更改生成输出的详细程度)。
  Flip_SL.c
E:\code\visualst\MSBuild\Microsoft\VC\v170\Application Type\Linux\1.0\Linux.targets(437,5): error : g++ 已退出，代码为 2，请查看“输出窗口”-“生成输出”，了解详细信息(注意: 若要在“输出窗口”中查看详细信息，则可能需要在“工具选项”中更改生成输出的详细程度)。
  Flip_SSL.c
E:\code\visualst\MSBuild\Microsoft\VC\v170\Application Type\Linux\1.0\Linux.targets(437,5): error : g++ 已退出，代码为 2，请查看“输出窗口”-“生成输出”，了解详细信息(注意: 若要在“输出窗口”中查看详细信息，则可能需要在“工具选项”中更改生成输出的详细程度)。
  Forbidden.c
E:\code\visualst\MSBuild\Microsoft\VC\v170\Application Type\Linux\1.0\Linux.targets(437,5): error : g++ 已退出，代码为 2，请查看“输出窗口”-“生成输出”，了解详细信息(注意: 若要在“输出窗口”中查看详细信息，则可能需要在“工具选项”中更改生成输出的详细程度)。
  FreeStructures.c
E:\code\visualst\MSBuild\Microsoft\VC\v170\Application Type\Linux\1.0\Linux.targets(437,5): error : g++ 已退出，代码为 2，请查看“输出窗口”-“生成输出”，了解详细信息(注意: 若要在“输出窗口”中查看详细信息，则可能需要在“工具选项”中更改生成输出的详细程度)。
  fscanint.c
E:\code\visualst\MSBuild\Microsoft\VC\v170\Application Type\Linux\1.0\Linux.targets(437,5): error : g++ 已退出，代码为 2，请查看“输出窗口”-“生成输出”，了解详细信息(注意: 若要在“输出窗口”中查看详细信息，则可能需要在“工具选项”中更改生成输出的详细程度)。
  Gain23.c
E:\code\visualst\MSBuild\Microsoft\VC\v170\Application Type\Linux\1.0\Linux.targets(437,5): error : g++ 已退出，代码为 2，请查看“输出窗口”-“生成输出”，了解详细信息(注意: 若要在“输出窗口”中查看详细信息，则可能需要在“工具选项”中更改生成输出的详细程度)。
  GCTSP_InitialTour.c
E:\code\visualst\MSBuild\Microsoft\VC\v170\Application Type\Linux\1.0\Linux.targets(437,5): error : g++ 已退出，代码为 2，请查看“输出窗口”-“生成输出”，了解详细信息(注意: 若要在“输出窗口”中查看详细信息，则可能需要在“工具选项”中更改生成输出的详细程度)。
  GenerateCandidates.c
E:\code\visualst\MSBuild\Microsoft\VC\v170\Application Type\Linux\1.0\Linux.targets(437,5): error : g++ 已退出，代码为 2，请查看“输出窗口”-“生成输出”，了解详细信息(注意: 若要在“输出窗口”中查看详细信息，则可能需要在“工具选项”中更改生成输出的详细程度)。
  Genetic.c
E:\code\visualst\MSBuild\Microsoft\VC\v170\Application Type\Linux\1.0\Linux.targets(437,5): error : g++ 已退出，代码为 2，请查看“输出窗口”-“生成输出”，了解详细信息(注意: 若要在“输出窗口”中查看详细信息，则可能需要在“工具选项”中更改生成输出的详细程度)。
  GeoConversion.c
E:\code\visualst\MSBuild\Microsoft\VC\v170\Application Type\Linux\1.0\Linux.targets(437,5): error : g++ 已退出，代码为 2，请查看“输出窗口”-“生成输出”，了解详细信息(注意: 若要在“输出窗口”中查看详细信息，则可能需要在“工具选项”中更改生成输出的详细程度)。
  GetTime.c
E:\code\visualst\MSBuild\Microsoft\VC\v170\Application Type\Linux\1.0\Linux.targets(437,5): error : g++ 已退出，代码为 2，请查看“输出窗口”-“生成输出”，了解详细信息(注意: 若要在“输出窗口”中查看详细信息，则可能需要在“工具选项”中更改生成输出的详细程度)。
  gpx.c
E:\code\visualst\MSBuild\Microsoft\VC\v170\Application Type\Linux\1.0\Linux.targets(437,5): error : g++ 已退出，代码为 2，请查看“输出窗口”-“生成输出”，了解详细信息(注意: 若要在“输出窗口”中查看详细信息，则可能需要在“工具选项”中更改生成输出的详细程度)。
  GreedyTour.c
E:\code\visualst\MSBuild\Microsoft\VC\v170\Application Type\Linux\1.0\Linux.targets(437,5): error : g++ 已退出，代码为 2，请查看“输出窗口”-“生成输出”，了解详细信息(注意: 若要在“输出窗口”中查看详细信息，则可能需要在“工具选项”中更改生成输出的详细程度)。
  Hashing.c
E:\code\visualst\MSBuild\Microsoft\VC\v170\Application Type\Linux\1.0\Linux.targets(437,5): error : g++ 已退出，代码为 2，请查看“输出窗口”-“生成输出”，了解详细信息(注意: 若要在“输出窗口”中查看详细信息，则可能需要在“工具选项”中更改生成输出的详细程度)。
  Heap.c
E:\code\visualst\MSBuild\Microsoft\VC\v170\Application Type\Linux\1.0\Linux.targets(437,5): error : g++ 已退出，代码为 2，请查看“输出窗口”-“生成输出”，了解详细信息(注意: 若要在“输出窗口”中查看详细信息，则可能需要在“工具选项”中更改生成输出的详细程度)。
  Improvement.c
E:\code\visualst\MSBuild\Microsoft\VC\v170\Application Type\Linux\1.0\Linux.targets(437,5): error : g++ 已退出，代码为 2，请查看“输出窗口”-“生成输出”，了解详细信息(注意: 若要在“输出窗口”中查看详细信息，则可能需要在“工具选项”中更改生成输出的详细程度)。
  IsBackboneCandidate.c
E:\code\visualst\MSBuild\Microsoft\VC\v170\Application Type\Linux\1.0\Linux.targets(437,5): error : g++ 已退出，代码为 2，请查看“输出窗口”-“生成输出”，了解详细信息(注意: 若要在“输出窗口”中查看详细信息，则可能需要在“工具选项”中更改生成输出的详细程度)。
  IsCandidate.c
E:\code\visualst\MSBuild\Microsoft\VC\v170\Application Type\Linux\1.0\Linux.targets(437,5): error : g++ 已退出，代码为 2，请查看“输出窗口”-“生成输出”，了解详细信息(注意: 若要在“输出窗口”中查看详细信息，则可能需要在“工具选项”中更改生成输出的详细程度)。
  IsCommonEdge.c
E:\code\visualst\MSBuild\Microsoft\VC\v170\Application Type\Linux\1.0\Linux.targets(437,5): error : g++ 已退出，代码为 2，请查看“输出窗口”-“生成输出”，了解详细信息(注意: 若要在“输出窗口”中查看详细信息，则可能需要在“工具选项”中更改生成输出的详细程度)。
  IsPossibleCandidate.c
E:\code\visualst\MSBuild\Microsoft\VC\v170\Application Type\Linux\1.0\Linux.targets(437,5): error : g++ 已退出，代码为 2，请查看“输出窗口”-“生成输出”，了解详细信息(注意: 若要在“输出窗口”中查看详细信息，则可能需要在“工具选项”中更改生成输出的详细程度)。
  KSwapKick.c
E:\code\visualst\MSBuild\Microsoft\VC\v170\Application Type\Linux\1.0\Linux.targets(437,5): error : g++ 已退出，代码为 2，请查看“输出窗口”-“生成输出”，了解详细信息(注意: 若要在“输出窗口”中查看详细信息，则可能需要在“工具选项”中更改生成输出的详细程度)。
  LinKernighan.c
E:\code\visualst\MSBuild\Microsoft\VC\v170\Application Type\Linux\1.0\Linux.targets(437,5): error : g++ 已退出，代码为 2，请查看“输出窗口”-“生成输出”，了解详细信息(注意: 若要在“输出窗口”中查看详细信息，则可能需要在“工具选项”中更改生成输出的详细程度)。
  LKH.c
E:\code\visualst\MSBuild\Microsoft\VC\v170\Application Type\Linux\1.0\Linux.targets(437,5): error : g++ 已退出，代码为 2，请查看“输出窗口”-“生成输出”，了解详细信息(注意: 若要在“输出窗口”中查看详细信息，则可能需要在“工具选项”中更改生成输出的详细程度)。
  LKHmain.c
E:\code\visualst\MSBuild\Microsoft\VC\v170\Application Type\Linux\1.0\Linux.targets(437,5): error : g++ 已退出，代码为 2，请查看“输出窗口”-“生成输出”，了解详细信息(注意: 若要在“输出窗口”中查看详细信息，则可能需要在“工具选项”中更改生成输出的详细程度)。
  LKH_LIB.cpp
E:\code\visualst\MSBuild\Microsoft\VC\v170\Application Type\Linux\1.0\Linux.targets(437,5): error : g++ 已退出，代码为 2，请查看“输出窗口”-“生成输出”，了解详细信息(注意: 若要在“输出窗口”中查看详细信息，则可能需要在“工具选项”中更改生成输出的详细程度)。
  Make2OptMove.c
E:\code\visualst\MSBuild\Microsoft\VC\v170\Application Type\Linux\1.0\Linux.targets(437,5): error : g++ 已退出，代码为 2，请查看“输出窗口”-“生成输出”，了解详细信息(注意: 若要在“输出窗口”中查看详细信息，则可能需要在“工具选项”中更改生成输出的详细程度)。
  Make3OptMove.c
E:\code\visualst\MSBuild\Microsoft\VC\v170\Application Type\Linux\1.0\Linux.targets(437,5): error : g++ 已退出，代码为 2，请查看“输出窗口”-“生成输出”，了解详细信息(注意: 若要在“输出窗口”中查看详细信息，则可能需要在“工具选项”中更改生成输出的详细程度)。
  Make4OptMove.c
E:\code\visualst\MSBuild\Microsoft\VC\v170\Application Type\Linux\1.0\Linux.targets(437,5): error : g++ 已退出，代码为 2，请查看“输出窗口”-“生成输出”，了解详细信息(注意: 若要在“输出窗口”中查看详细信息，则可能需要在“工具选项”中更改生成输出的详细程度)。
  Make5OptMove.c
E:\code\visualst\MSBuild\Microsoft\VC\v170\Application Type\Linux\1.0\Linux.targets(437,5): error : g++ 已退出，代码为 2，请查看“输出窗口”-“生成输出”，了解详细信息(注意: 若要在“输出窗口”中查看详细信息，则可能需要在“工具选项”中更改生成输出的详细程度)。
  MakeKOptMove.c
E:\code\visualst\MSBuild\Microsoft\VC\v170\Application Type\Linux\1.0\Linux.targets(437,5): error : g++ 已退出，代码为 2，请查看“输出窗口”-“生成输出”，了解详细信息(注意: 若要在“输出窗口”中查看详细信息，则可能需要在“工具选项”中更改生成输出的详细程度)。
  MergeTourWithBestTour.c
E:\code\visualst\MSBuild\Microsoft\VC\v170\Application Type\Linux\1.0\Linux.targets(437,5): error : g++ 已退出，代码为 2，请查看“输出窗口”-“生成输出”，了解详细信息(注意: 若要在“输出窗口”中查看详细信息，则可能需要在“工具选项”中更改生成输出的详细程度)。
  MergeWithTourCLARIST.c
E:\code\visualst\MSBuild\Microsoft\VC\v170\Application Type\Linux\1.0\Linux.targets(437,5): error : g++ 已退出，代码为 2，请查看“输出窗口”-“生成输出”，了解详细信息(注意: 若要在“输出窗口”中查看详细信息，则可能需要在“工具选项”中更改生成输出的详细程度)。
  MergeWithTourGPX2.c
E:\code\visualst\MSBuild\Microsoft\VC\v170\Application Type\Linux\1.0\Linux.targets(437,5): error : g++ 已退出，代码为 2，请查看“输出窗口”-“生成输出”，了解详细信息(注意: 若要在“输出窗口”中查看详细信息，则可能需要在“工具选项”中更改生成输出的详细程度)。
  MergeWithTourIPT.c
E:\code\visualst\MSBuild\Microsoft\VC\v170\Application Type\Linux\1.0\Linux.targets(437,5): error : g++ 已退出，代码为 2，请查看“输出窗口”-“生成输出”，了解详细信息(注意: 若要在“输出窗口”中查看详细信息，则可能需要在“工具选项”中更改生成输出的详细程度)。
  Minimum1TreeCost.c
E:\code\visualst\MSBuild\Microsoft\VC\v170\Application Type\Linux\1.0\Linux.targets(437,5): error : g++ 已退出，代码为 2，请查看“输出窗口”-“生成输出”，了解详细信息(注意: 若要在“输出窗口”中查看详细信息，则可能需要在“工具选项”中更改生成输出的详细程度)。
  MinimumSpanningTree.c
E:\code\visualst\MSBuild\Microsoft\VC\v170\Application Type\Linux\1.0\Linux.targets(437,5): error : g++ 已退出，代码为 2，请查看“输出窗口”-“生成输出”，了解详细信息(注意: 若要在“输出窗口”中查看详细信息，则可能需要在“工具选项”中更改生成输出的详细程度)。
  MTSP2TSP.c
E:\code\visualst\MSBuild\Microsoft\VC\v170\Application Type\Linux\1.0\Linux.targets(437,5): error : g++ 已退出，代码为 2，请查看“输出窗口”-“生成输出”，了解详细信息(注意: 若要在“输出窗口”中查看详细信息，则可能需要在“工具选项”中更改生成输出的详细程度)。
  MTSP_InitialTour.c
E:\code\visualst\MSBuild\Microsoft\VC\v170\Application Type\Linux\1.0\Linux.targets(437,5): error : g++ 已退出，代码为 2，请查看“输出窗口”-“生成输出”，了解详细信息(注意: 若要在“输出窗口”中查看详细信息，则可能需要在“工具选项”中更改生成输出的详细程度)。
  MTSP_Report.c
E:\code\visualst\MSBuild\Microsoft\VC\v170\Application Type\Linux\1.0\Linux.targets(437,5): error : g++ 已退出，代码为 2，请查看“输出窗口”-“生成输出”，了解详细信息(注意: 若要在“输出窗口”中查看详细信息，则可能需要在“工具选项”中更改生成输出的详细程度)。
  MTSP_WriteSolution.c
E:\code\visualst\MSBuild\Microsoft\VC\v170\Application Type\Linux\1.0\Linux.targets(437,5): error : g++ 已退出，代码为 2，请查看“输出窗口”-“生成输出”，了解详细信息(注意: 若要在“输出窗口”中查看详细信息，则可能需要在“工具选项”中更改生成输出的详细程度)。
  NormalizeNodeList.c
E:\code\visualst\MSBuild\Microsoft\VC\v170\Application Type\Linux\1.0\Linux.targets(437,5): error : g++ 已退出，代码为 2，请查看“输出窗口”-“生成输出”，了解详细信息(注意: 若要在“输出窗口”中查看详细信息，则可能需要在“工具选项”中更改生成输出的详细程度)。
  NormalizeSegmentList.c
E:\code\visualst\MSBuild\Microsoft\VC\v170\Application Type\Linux\1.0\Linux.targets(437,5): error : g++ 已退出，代码为 2，请查看“输出窗口”-“生成输出”，了解详细信息(注意: 若要在“输出窗口”中查看详细信息，则可能需要在“工具选项”中更改生成输出的详细程度)。
  OrderCandidateSet.c
E:\code\visualst\MSBuild\Microsoft\VC\v170\Application Type\Linux\1.0\Linux.targets(437,5): error : g++ 已退出，代码为 2，请查看“输出窗口”-“生成输出”，了解详细信息(注意: 若要在“输出窗口”中查看详细信息，则可能需要在“工具选项”中更改生成输出的详细程度)。
  PatchCycles.c
E:\code\visualst\MSBuild\Microsoft\VC\v170\Application Type\Linux\1.0\Linux.targets(437,5): error : g++ 已退出，代码为 2，请查看“输出窗口”-“生成输出”，了解详细信息(注意: 若要在“输出窗口”中查看详细信息，则可能需要在“工具选项”中更改生成输出的详细程度)。
  pch.cpp
E:\code\visualst\MSBuild\Microsoft\VC\v170\Application Type\Linux\1.0\Linux.targets(437,5): error : g++ 已退出，代码为 2，请查看“输出窗口”-“生成输出”，了解详细信息(注意: 若要在“输出窗口”中查看详细信息，则可能需要在“工具选项”中更改生成输出的详细程度)。
  PCTSP_InitialTour.c
E:\code\visualst\MSBuild\Microsoft\VC\v170\Application Type\Linux\1.0\Linux.targets(437,5): error : g++ 已退出，代码为 2，请查看“输出窗口”-“生成输出”，了解详细信息(注意: 若要在“输出窗口”中查看详细信息，则可能需要在“工具选项”中更改生成输出的详细程度)。
  PCTSP_RepairTour.c
E:\code\visualst\MSBuild\Microsoft\VC\v170\Application Type\Linux\1.0\Linux.targets(437,5): error : g++ 已退出，代码为 2，请查看“输出窗口”-“生成输出”，了解详细信息(注意: 若要在“输出窗口”中查看详细信息，则可能需要在“工具选项”中更改生成输出的详细程度)。
  PDPTW_Reduce.c
E:\code\visualst\MSBuild\Microsoft\VC\v170\Application Type\Linux\1.0\Linux.targets(437,5): error : g++ 已退出，代码为 2，请查看“输出窗口”-“生成输出”，了解详细信息(注意: 若要在“输出窗口”中查看详细信息，则可能需要在“工具选项”中更改生成输出的详细程度)。
  Penalty_1_PDTSP.c
E:\code\visualst\MSBuild\Microsoft\VC\v170\Application Type\Linux\1.0\Linux.targets(437,5): error : g++ 已退出，代码为 2，请查看“输出窗口”-“生成输出”，了解详细信息(注意: 若要在“输出窗口”中查看详细信息，则可能需要在“工具选项”中更改生成输出的详细程度)。
  Penalty_ACVRP.c
E:\code\visualst\MSBuild\Microsoft\VC\v170\Application Type\Linux\1.0\Linux.targets(437,5): error : g++ 已退出，代码为 2，请查看“输出窗口”-“生成输出”，了解详细信息(注意: 若要在“输出窗口”中查看详细信息，则可能需要在“工具选项”中更改生成输出的详细程度)。
  Penalty_BWTSP.c
E:\code\visualst\MSBuild\Microsoft\VC\v170\Application Type\Linux\1.0\Linux.targets(437,5): error : g++ 已退出，代码为 2，请查看“输出窗口”-“生成输出”，了解详细信息(注意: 若要在“输出窗口”中查看详细信息，则可能需要在“工具选项”中更改生成输出的详细程度)。
  Penalty_CBnTSP.c
E:\code\visualst\MSBuild\Microsoft\VC\v170\Application Type\Linux\1.0\Linux.targets(437,5): error : g++ 已退出，代码为 2，请查看“输出窗口”-“生成输出”，了解详细信息(注意: 若要在“输出窗口”中查看详细信息，则可能需要在“工具选项”中更改生成输出的详细程度)。
  Penalty_CBTSP.c
E:\code\visualst\MSBuild\Microsoft\VC\v170\Application Type\Linux\1.0\Linux.targets(437,5): error : g++ 已退出，代码为 2，请查看“输出窗口”-“生成输出”，了解详细信息(注意: 若要在“输出窗口”中查看详细信息，则可能需要在“工具选项”中更改生成输出的详细程度)。
  Penalty_CCCTSP.c
E:\code\visualst\MSBuild\Microsoft\VC\v170\Application Type\Linux\1.0\Linux.targets(437,5): error : g++ 已退出，代码为 2，请查看“输出窗口”-“生成输出”，了解详细信息(注意: 若要在“输出窗口”中查看详细信息，则可能需要在“工具选项”中更改生成输出的详细程度)。
  Penalty_CCVRP.c
E:\code\visualst\MSBuild\Microsoft\VC\v170\Application Type\Linux\1.0\Linux.targets(437,5): error : g++ 已退出，代码为 2，请查看“输出窗口”-“生成输出”，了解详细信息(注意: 若要在“输出窗口”中查看详细信息，则可能需要在“工具选项”中更改生成输出的详细程度)。
  Penalty_CluVRP.c
E:\code\visualst\MSBuild\Microsoft\VC\v170\Application Type\Linux\1.0\Linux.targets(437,5): error : g++ 已退出，代码为 2，请查看“输出窗口”-“生成输出”，了解详细信息(注意: 若要在“输出窗口”中查看详细信息，则可能需要在“工具选项”中更改生成输出的详细程度)。
  Penalty_CTSP.c
E:\code\visualst\MSBuild\Microsoft\VC\v170\Application Type\Linux\1.0\Linux.targets(437,5): error : g++ 已退出，代码为 2，请查看“输出窗口”-“生成输出”，了解详细信息(注意: 若要在“输出窗口”中查看详细信息，则可能需要在“工具选项”中更改生成输出的详细程度)。
  Penalty_CTSP_D.c
E:\code\visualst\MSBuild\Microsoft\VC\v170\Application Type\Linux\1.0\Linux.targets(437,5): error : g++ 已退出，代码为 2，请查看“输出窗口”-“生成输出”，了解详细信息(注意: 若要在“输出窗口”中查看详细信息，则可能需要在“工具选项”中更改生成输出的详细程度)。
  Penalty_CVRP.c
E:\code\visualst\MSBuild\Microsoft\VC\v170\Application Type\Linux\1.0\Linux.targets(437,5): error : g++ 已退出，代码为 2，请查看“输出窗口”-“生成输出”，了解详细信息(注意: 若要在“输出窗口”中查看详细信息，则可能需要在“工具选项”中更改生成输出的详细程度)。
  Penalty_CVRPTW.c
E:\code\visualst\MSBuild\Microsoft\VC\v170\Application Type\Linux\1.0\Linux.targets(437,5): error : g++ 已退出，代码为 2，请查看“输出窗口”-“生成输出”，了解详细信息(注意: 若要在“输出窗口”中查看详细信息，则可能需要在“工具选项”中更改生成输出的详细程度)。
  Penalty_GCTSP.c
E:\code\visualst\MSBuild\Microsoft\VC\v170\Application Type\Linux\1.0\Linux.targets(437,5): error : g++ 已退出，代码为 2，请查看“输出窗口”-“生成输出”，了解详细信息(注意: 若要在“输出窗口”中查看详细信息，则可能需要在“工具选项”中更改生成输出的详细程度)。
  Penalty_KTSP.c
E:\code\visualst\MSBuild\Microsoft\VC\v170\Application Type\Linux\1.0\Linux.targets(437,5): error : g++ 已退出，代码为 2，请查看“输出窗口”-“生成输出”，了解详细信息(注意: 若要在“输出窗口”中查看详细信息，则可能需要在“工具选项”中更改生成输出的详细程度)。
  Penalty_M1_PDTSP.c
E:\code\visualst\MSBuild\Microsoft\VC\v170\Application Type\Linux\1.0\Linux.targets(437,5): error : g++ 已退出，代码为 2，请查看“输出窗口”-“生成输出”，了解详细信息(注意: 若要在“输出窗口”中查看详细信息，则可能需要在“工具选项”中更改生成输出的详细程度)。
  Penalty_MLP.c
E:\code\visualst\MSBuild\Microsoft\VC\v170\Application Type\Linux\1.0\Linux.targets(437,5): error : g++ 已退出，代码为 2，请查看“输出窗口”-“生成输出”，了解详细信息(注意: 若要在“输出窗口”中查看详细信息，则可能需要在“工具选项”中更改生成输出的详细程度)。
  Penalty_MSCTSP.c
E:\code\visualst\MSBuild\Microsoft\VC\v170\Application Type\Linux\1.0\Linux.targets(437,5): error : g++ 已退出，代码为 2，请查看“输出窗口”-“生成输出”，了解详细信息(注意: 若要在“输出窗口”中查看详细信息，则可能需要在“工具选项”中更改生成输出的详细程度)。
  Penalty_MTSP.c
E:\code\visualst\MSBuild\Microsoft\VC\v170\Application Type\Linux\1.0\Linux.targets(437,5): error : g++ 已退出，代码为 2，请查看“输出窗口”-“生成输出”，了解详细信息(注意: 若要在“输出窗口”中查看详细信息，则可能需要在“工具选项”中更改生成输出的详细程度)。
  Penalty_M_PDTSP.c
E:\code\visualst\MSBuild\Microsoft\VC\v170\Application Type\Linux\1.0\Linux.targets(437,5): error : g++ 已退出，代码为 2，请查看“输出窗口”-“生成输出”，了解详细信息(注意: 若要在“输出窗口”中查看详细信息，则可能需要在“工具选项”中更改生成输出的详细程度)。
  Penalty_OVRP.c
E:\code\visualst\MSBuild\Microsoft\VC\v170\Application Type\Linux\1.0\Linux.targets(437,5): error : g++ 已退出，代码为 2，请查看“输出窗口”-“生成输出”，了解详细信息(注意: 若要在“输出窗口”中查看详细信息，则可能需要在“工具选项”中更改生成输出的详细程度)。
  Penalty_PCTSP.c
E:\code\visualst\MSBuild\Microsoft\VC\v170\Application Type\Linux\1.0\Linux.targets(437,5): error : g++ 已退出，代码为 2，请查看“输出窗口”-“生成输出”，了解详细信息(注意: 若要在“输出窗口”中查看详细信息，则可能需要在“工具选项”中更改生成输出的详细程度)。
  Penalty_PDPTW.c
E:\code\visualst\MSBuild\Microsoft\VC\v170\Application Type\Linux\1.0\Linux.targets(437,5): error : g++ 已退出，代码为 2，请查看“输出窗口”-“生成输出”，了解详细信息(注意: 若要在“输出窗口”中查看详细信息，则可能需要在“工具选项”中更改生成输出的详细程度)。
  Penalty_PDTSP.c
E:\code\visualst\MSBuild\Microsoft\VC\v170\Application Type\Linux\1.0\Linux.targets(437,5): error : g++ 已退出，代码为 2，请查看“输出窗口”-“生成输出”，了解详细信息(注意: 若要在“输出窗口”中查看详细信息，则可能需要在“工具选项”中更改生成输出的详细程度)。
  Penalty_PDTSPF.c
E:\code\visualst\MSBuild\Microsoft\VC\v170\Application Type\Linux\1.0\Linux.targets(437,5): error : g++ 已退出，代码为 2，请查看“输出窗口”-“生成输出”，了解详细信息(注意: 若要在“输出窗口”中查看详细信息，则可能需要在“工具选项”中更改生成输出的详细程度)。
  Penalty_PDTSPL.c
E:\code\visualst\MSBuild\Microsoft\VC\v170\Application Type\Linux\1.0\Linux.targets(437,5): error : g++ 已退出，代码为 2，请查看“输出窗口”-“生成输出”，了解详细信息(注意: 若要在“输出窗口”中查看详细信息，则可能需要在“工具选项”中更改生成输出的详细程度)。
  Penalty_PTSP.c
E:\code\visualst\MSBuild\Microsoft\VC\v170\Application Type\Linux\1.0\Linux.targets(437,5): error : g++ 已退出，代码为 2，请查看“输出窗口”-“生成输出”，了解详细信息(注意: 若要在“输出窗口”中查看详细信息，则可能需要在“工具选项”中更改生成输出的详细程度)。
  Penalty_RCTVRP.c
E:\code\visualst\MSBuild\Microsoft\VC\v170\Application Type\Linux\1.0\Linux.targets(437,5): error : g++ 已退出，代码为 2，请查看“输出窗口”-“生成输出”，了解详细信息(注意: 若要在“输出窗口”中查看详细信息，则可能需要在“工具选项”中更改生成输出的详细程度)。
  Penalty_SOP.c
E:\code\visualst\MSBuild\Microsoft\VC\v170\Application Type\Linux\1.0\Linux.targets(437,5): error : g++ 已退出，代码为 2，请查看“输出窗口”-“生成输出”，了解详细信息(注意: 若要在“输出窗口”中查看详细信息，则可能需要在“工具选项”中更改生成输出的详细程度)。
  Penalty_TRP.c
E:\code\visualst\MSBuild\Microsoft\VC\v170\Application Type\Linux\1.0\Linux.targets(437,5): error : g++ 已退出，代码为 2，请查看“输出窗口”-“生成输出”，了解详细信息(注意: 若要在“输出窗口”中查看详细信息，则可能需要在“工具选项”中更改生成输出的详细程度)。
  Penalty_TSPDL.c
E:\code\visualst\MSBuild\Microsoft\VC\v170\Application Type\Linux\1.0\Linux.targets(437,5): error : g++ 已退出，代码为 2，请查看“输出窗口”-“生成输出”，了解详细信息(注意: 若要在“输出窗口”中查看详细信息，则可能需要在“工具选项”中更改生成输出的详细程度)。
  Penalty_TSPPD.c
E:\code\visualst\MSBuild\Microsoft\VC\v170\Application Type\Linux\1.0\Linux.targets(437,5): error : g++ 已退出，代码为 2，请查看“输出窗口”-“生成输出”，了解详细信息(注意: 若要在“输出窗口”中查看详细信息，则可能需要在“工具选项”中更改生成输出的详细程度)。
  Penalty_TSPTW.c
E:\code\visualst\MSBuild\Microsoft\VC\v170\Application Type\Linux\1.0\Linux.targets(437,5): error : g++ 已退出，代码为 2，请查看“输出窗口”-“生成输出”，了解详细信息(注意: 若要在“输出窗口”中查看详细信息，则可能需要在“工具选项”中更改生成输出的详细程度)。
  Penalty_VRPB.c
E:\code\visualst\MSBuild\Microsoft\VC\v170\Application Type\Linux\1.0\Linux.targets(437,5): error : g++ 已退出，代码为 2，请查看“输出窗口”-“生成输出”，了解详细信息(注意: 若要在“输出窗口”中查看详细信息，则可能需要在“工具选项”中更改生成输出的详细程度)。
  Penalty_VRPBTW.c
E:\code\visualst\MSBuild\Microsoft\VC\v170\Application Type\Linux\1.0\Linux.targets(437,5): error : g++ 已退出，代码为 2，请查看“输出窗口”-“生成输出”，了解详细信息(注意: 若要在“输出窗口”中查看详细信息，则可能需要在“工具选项”中更改生成输出的详细程度)。
  Penalty_VRPPD.c
E:\code\visualst\MSBuild\Microsoft\VC\v170\Application Type\Linux\1.0\Linux.targets(437,5): error : g++ 已退出，代码为 2，请查看“输出窗口”-“生成输出”，了解详细信息(注意: 若要在“输出窗口”中查看详细信息，则可能需要在“工具选项”中更改生成输出的详细程度)。
  printff.c
E:\code\visualst\MSBuild\Microsoft\VC\v170\Application Type\Linux\1.0\Linux.targets(437,5): error : g++ 已退出，代码为 2，请查看“输出窗口”-“生成输出”，了解详细信息(注意: 若要在“输出窗口”中查看详细信息，则可能需要在“工具选项”中更改生成输出的详细程度)。
  PrintParameters.c
E:\code\visualst\MSBuild\Microsoft\VC\v170\Application Type\Linux\1.0\Linux.targets(437,5): error : g++ 已退出，代码为 2，请查看“输出窗口”-“生成输出”，了解详细信息(注意: 若要在“输出窗口”中查看详细信息，则可能需要在“工具选项”中更改生成输出的详细程度)。
  Random.c
E:\code\visualst\MSBuild\Microsoft\VC\v170\Application Type\Linux\1.0\Linux.targets(437,5): error : g++ 已退出，代码为 2，请查看“输出窗口”-“生成输出”，了解详细信息(注意: 若要在“输出窗口”中查看详细信息，则可能需要在“工具选项”中更改生成输出的详细程度)。
  ReadCandidates.c
E:\code\visualst\MSBuild\Microsoft\VC\v170\Application Type\Linux\1.0\Linux.targets(437,5): error : g++ 已退出，代码为 2，请查看“输出窗口”-“生成输出”，了解详细信息(注意: 若要在“输出窗口”中查看详细信息，则可能需要在“工具选项”中更改生成输出的详细程度)。
  ReadEdges.c
E:\code\visualst\MSBuild\Microsoft\VC\v170\Application Type\Linux\1.0\Linux.targets(437,5): error : g++ 已退出，代码为 2，请查看“输出窗口”-“生成输出”，了解详细信息(注意: 若要在“输出窗口”中查看详细信息，则可能需要在“工具选项”中更改生成输出的详细程度)。
  ReadLine.c
E:\code\visualst\MSBuild\Microsoft\VC\v170\Application Type\Linux\1.0\Linux.targets(437,5): error : g++ 已退出，代码为 2，请查看“输出窗口”-“生成输出”，了解详细信息(注意: 若要在“输出窗口”中查看详细信息，则可能需要在“工具选项”中更改生成输出的详细程度)。
  ReadParameters.c
E:\code\visualst\MSBuild\Microsoft\VC\v170\Application Type\Linux\1.0\Linux.targets(437,5): error : g++ 已退出，代码为 2，请查看“输出窗口”-“生成输出”，了解详细信息(注意: 若要在“输出窗口”中查看详细信息，则可能需要在“工具选项”中更改生成输出的详细程度)。
  ReadPenalties.c
E:\code\visualst\MSBuild\Microsoft\VC\v170\Application Type\Linux\1.0\Linux.targets(437,5): error : g++ 已退出，代码为 2，请查看“输出窗口”-“生成输出”，了解详细信息(注意: 若要在“输出窗口”中查看详细信息，则可能需要在“工具选项”中更改生成输出的详细程度)。
  ReadProblem.c
E:\code\visualst\MSBuild\Microsoft\VC\v170\Application Type\Linux\1.0\Linux.targets(437,5): error : g++ 已退出，代码为 2，请查看“输出窗口”-“生成输出”，了解详细信息(注意: 若要在“输出窗口”中查看详细信息，则可能需要在“工具选项”中更改生成输出的详细程度)。
  RecordBestTour.c
E:\code\visualst\MSBuild\Microsoft\VC\v170\Application Type\Linux\1.0\Linux.targets(437,5): error : g++ 已退出，代码为 2，请查看“输出窗口”-“生成输出”，了解详细信息(注意: 若要在“输出窗口”中查看详细信息，则可能需要在“工具选项”中更改生成输出的详细程度)。
  RecordBetterTour.c
E:\code\visualst\MSBuild\Microsoft\VC\v170\Application Type\Linux\1.0\Linux.targets(437,5): error : g++ 已退出，代码为 2，请查看“输出窗口”-“生成输出”，了解详细信息(注意: 若要在“输出窗口”中查看详细信息，则可能需要在“工具选项”中更改生成输出的详细程度)。
  RemoveFirstActive.c
E:\code\visualst\MSBuild\Microsoft\VC\v170\Application Type\Linux\1.0\Linux.targets(437,5): error : g++ 已退出，代码为 2，请查看“输出窗口”-“生成输出”，了解详细信息(注意: 若要在“输出窗口”中查看详细信息，则可能需要在“工具选项”中更改生成输出的详细程度)。
  ResetCandidateSet.c
E:\code\visualst\MSBuild\Microsoft\VC\v170\Application Type\Linux\1.0\Linux.targets(437,5): error : g++ 已退出，代码为 2，请查看“输出窗口”-“生成输出”，了解详细信息(注意: 若要在“输出窗口”中查看详细信息，则可能需要在“工具选项”中更改生成输出的详细程度)。
  RestoreTour.c
E:\code\visualst\MSBuild\Microsoft\VC\v170\Application Type\Linux\1.0\Linux.targets(437,5): error : g++ 已退出，代码为 2，请查看“输出窗口”-“生成输出”，了解详细信息(注意: 若要在“输出窗口”中查看详细信息，则可能需要在“工具选项”中更改生成输出的详细程度)。
  SegmentSize.c
E:\code\visualst\MSBuild\Microsoft\VC\v170\Application Type\Linux\1.0\Linux.targets(437,5): error : g++ 已退出，代码为 2，请查看“输出窗口”-“生成输出”，了解详细信息(注意: 若要在“输出窗口”中查看详细信息，则可能需要在“工具选项”中更改生成输出的详细程度)。
  Sequence.c
E:\code\visualst\MSBuild\Microsoft\VC\v170\Application Type\Linux\1.0\Linux.targets(437,5): error : g++ 已退出，代码为 2，请查看“输出窗口”-“生成输出”，了解详细信息(注意: 若要在“输出窗口”中查看详细信息，则可能需要在“工具选项”中更改生成输出的详细程度)。
  SFCTour.c
E:\code\visualst\MSBuild\Microsoft\VC\v170\Application Type\Linux\1.0\Linux.targets(437,5): error : g++ 已退出，代码为 2，请查看“输出窗口”-“生成输出”，了解详细信息(注意: 若要在“输出窗口”中查看详细信息，则可能需要在“工具选项”中更改生成输出的详细程度)。
  SINTEF_WriteSolution.c
E:\code\visualst\MSBuild\Microsoft\VC\v170\Application Type\Linux\1.0\Linux.targets(437,5): error : g++ 已退出，代码为 2，请查看“输出窗口”-“生成输出”，了解详细信息(注意: 若要在“输出窗口”中查看详细信息，则可能需要在“工具选项”中更改生成输出的详细程度)。
  SolveCompressedSubproblem.c
E:\code\visualst\MSBuild\Microsoft\VC\v170\Application Type\Linux\1.0\Linux.targets(437,5): error : g++ 已退出，代码为 2，请查看“输出窗口”-“生成输出”，了解详细信息(注意: 若要在“输出窗口”中查看详细信息，则可能需要在“工具选项”中更改生成输出的详细程度)。
  SolveDelaunaySubproblems.c
E:\code\visualst\MSBuild\Microsoft\VC\v170\Application Type\Linux\1.0\Linux.targets(437,5): error : g++ 已退出，代码为 2，请查看“输出窗口”-“生成输出”，了解详细信息(注意: 若要在“输出窗口”中查看详细信息，则可能需要在“工具选项”中更改生成输出的详细程度)。
  SolveKarpSubproblems.c
E:\code\visualst\MSBuild\Microsoft\VC\v170\Application Type\Linux\1.0\Linux.targets(437,5): error : g++ 已退出，代码为 2，请查看“输出窗口”-“生成输出”，了解详细信息(注意: 若要在“输出窗口”中查看详细信息，则可能需要在“工具选项”中更改生成输出的详细程度)。
  SolveKCenterSubproblems.c
E:\code\visualst\MSBuild\Microsoft\VC\v170\Application Type\Linux\1.0\Linux.targets(437,5): error : g++ 已退出，代码为 2，请查看“输出窗口”-“生成输出”，了解详细信息(注意: 若要在“输出窗口”中查看详细信息，则可能需要在“工具选项”中更改生成输出的详细程度)。
  SolveKMeansSubproblems.c
E:\code\visualst\MSBuild\Microsoft\VC\v170\Application Type\Linux\1.0\Linux.targets(437,5): error : g++ 已退出，代码为 2，请查看“输出窗口”-“生成输出”，了解详细信息(注意: 若要在“输出窗口”中查看详细信息，则可能需要在“工具选项”中更改生成输出的详细程度)。
  SolveRoheSubproblems.c
E:\code\visualst\MSBuild\Microsoft\VC\v170\Application Type\Linux\1.0\Linux.targets(437,5): error : g++ 已退出，代码为 2，请查看“输出窗口”-“生成输出”，了解详细信息(注意: 若要在“输出窗口”中查看详细信息，则可能需要在“工具选项”中更改生成输出的详细程度)。
  SolveSFCSubproblems.c
E:\code\visualst\MSBuild\Microsoft\VC\v170\Application Type\Linux\1.0\Linux.targets(437,5): error : g++ 已退出，代码为 2，请查看“输出窗口”-“生成输出”，了解详细信息(注意: 若要在“输出窗口”中查看详细信息，则可能需要在“工具选项”中更改生成输出的详细程度)。
  SolveSubproblem.c
E:\code\visualst\MSBuild\Microsoft\VC\v170\Application Type\Linux\1.0\Linux.targets(437,5): error : g++ 已退出，代码为 2，请查看“输出窗口”-“生成输出”，了解详细信息(注意: 若要在“输出窗口”中查看详细信息，则可能需要在“工具选项”中更改生成输出的详细程度)。
  SolveSubproblemBorderProblems.c
E:\code\visualst\MSBuild\Microsoft\VC\v170\Application Type\Linux\1.0\Linux.targets(437,5): error : g++ 已退出，代码为 2，请查看“输出窗口”-“生成输出”，了解详细信息(注意: 若要在“输出窗口”中查看详细信息，则可能需要在“工具选项”中更改生成输出的详细程度)。
  SolveTourSegmentSubproblems.c
E:\code\visualst\MSBuild\Microsoft\VC\v170\Application Type\Linux\1.0\Linux.targets(437,5): error : g++ 已退出，代码为 2，请查看“输出窗口”-“生成输出”，了解详细信息(注意: 若要在“输出窗口”中查看详细信息，则可能需要在“工具选项”中更改生成输出的详细程度)。
  SOP_InitialTour.c
E:\code\visualst\MSBuild\Microsoft\VC\v170\Application Type\Linux\1.0\Linux.targets(437,5): error : g++ 已退出，代码为 2，请查看“输出窗口”-“生成输出”，了解详细信息(注意: 若要在“输出窗口”中查看详细信息，则可能需要在“工具选项”中更改生成输出的详细程度)。
  SOP_RepairTour.c
E:\code\visualst\MSBuild\Microsoft\VC\v170\Application Type\Linux\1.0\Linux.targets(437,5): error : g++ 已退出，代码为 2，请查看“输出窗口”-“生成输出”，了解详细信息(注意: 若要在“输出窗口”中查看详细信息，则可能需要在“工具选项”中更改生成输出的详细程度)。
  SOP_Report.c
E:\code\visualst\MSBuild\Microsoft\VC\v170\Application Type\Linux\1.0\Linux.targets(437,5): error : g++ 已退出，代码为 2，请查看“输出窗口”-“生成输出”，了解详细信息(注意: 若要在“输出窗口”中查看详细信息，则可能需要在“工具选项”中更改生成输出的详细程度)。
  Statistics.c
E:\code\visualst\MSBuild\Microsoft\VC\v170\Application Type\Linux\1.0\Linux.targets(437,5): error : g++ 已退出，代码为 2，请查看“输出窗口”-“生成输出”，了解详细信息(注意: 若要在“输出窗口”中查看详细信息，则可能需要在“工具选项”中更改生成输出的详细程度)。
  StatusReport.c
E:\code\visualst\MSBuild\Microsoft\VC\v170\Application Type\Linux\1.0\Linux.targets(437,5): error : g++ 已退出，代码为 2，请查看“输出窗口”-“生成输出”，了解详细信息(注意: 若要在“输出窗口”中查看详细信息，则可能需要在“工具选项”中更改生成输出的详细程度)。
  StoreTour.c
E:\code\visualst\MSBuild\Microsoft\VC\v170\Application Type\Linux\1.0\Linux.targets(437,5): error : g++ 已退出，代码为 2，请查看“输出窗口”-“生成输出”，了解详细信息(注意: 若要在“输出窗口”中查看详细信息，则可能需要在“工具选项”中更改生成输出的详细程度)。
  STTSP2TSP.c
E:\code\visualst\MSBuild\Microsoft\VC\v170\Application Type\Linux\1.0\Linux.targets(437,5): error : g++ 已退出，代码为 2，请查看“输出窗口”-“生成输出”，了解详细信息(注意: 若要在“输出窗口”中查看详细信息，则可能需要在“工具选项”中更改生成输出的详细程度)。
  SymmetrizeCandidateSet.c
E:\code\visualst\MSBuild\Microsoft\VC\v170\Application Type\Linux\1.0\Linux.targets(437,5): error : g++ 已退出，代码为 2，请查看“输出窗口”-“生成输出”，了解详细信息(注意: 若要在“输出窗口”中查看详细信息，则可能需要在“工具选项”中更改生成输出的详细程度)。
  TrimCandidateSet.c
E:\code\visualst\MSBuild\Microsoft\VC\v170\Application Type\Linux\1.0\Linux.targets(437,5): error : g++ 已退出，代码为 2，请查看“输出窗口”-“生成输出”，了解详细信息(注意: 若要在“输出窗口”中查看详细信息，则可能需要在“工具选项”中更改生成输出的详细程度)。
  TSPDL_InitialTour.c
E:\code\visualst\MSBuild\Microsoft\VC\v170\Application Type\Linux\1.0\Linux.targets(437,5): error : g++ 已退出，代码为 2，请查看“输出窗口”-“生成输出”，了解详细信息(注意: 若要在“输出窗口”中查看详细信息，则可能需要在“工具选项”中更改生成输出的详细程度)。
  TSPTW_MakespanCost.c
E:\code\visualst\MSBuild\Microsoft\VC\v170\Application Type\Linux\1.0\Linux.targets(437,5): error : g++ 已退出，代码为 2，请查看“输出窗口”-“生成输出”，了解详细信息(注意: 若要在“输出窗口”中查看详细信息，则可能需要在“工具选项”中更改生成输出的详细程度)。
  TSPTW_Reduce.c
E:\code\visualst\MSBuild\Microsoft\VC\v170\Application Type\Linux\1.0\Linux.targets(437,5): error : g++ 已退出，代码为 2，请查看“输出窗口”-“生成输出”，了解详细信息(注意: 若要在“输出窗口”中查看详细信息，则可能需要在“工具选项”中更改生成输出的详细程度)。
  VRPB_Reduce.c
E:\code\visualst\MSBuild\Microsoft\VC\v170\Application Type\Linux\1.0\Linux.targets(437,5): error : g++ 已退出，代码为 2，请查看“输出窗口”-“生成输出”，了解详细信息(注意: 若要在“输出窗口”中查看详细信息，则可能需要在“工具选项”中更改生成输出的详细程度)。
  WriteCandidates.c
E:\code\visualst\MSBuild\Microsoft\VC\v170\Application Type\Linux\1.0\Linux.targets(437,5): error : g++ 已退出，代码为 2，请查看“输出窗口”-“生成输出”，了解详细信息(注意: 若要在“输出窗口”中查看详细信息，则可能需要在“工具选项”中更改生成输出的详细程度)。
  WritePenalties.c
E:\code\visualst\MSBuild\Microsoft\VC\v170\Application Type\Linux\1.0\Linux.targets(437,5): error : g++ 已退出，代码为 2，请查看“输出窗口”-“生成输出”，了解详细信息(注意: 若要在“输出窗口”中查看详细信息，则可能需要在“工具选项”中更改生成输出的详细程度)。
  WriteTour.c
E:\code\visualst\MSBuild\Microsoft\VC\v170\Application Type\Linux\1.0\Linux.targets(437,5): error : g++ 已退出，代码为 2，请查看“输出窗口”-“生成输出”，了解详细信息(注意: 若要在“输出窗口”中查看详细信息，则可能需要在“工具选项”中更改生成输出的详细程度)。
  LocalSearchOperators.cpp
E:\code\visualst\MSBuild\Microsoft\VC\v170\Application Type\Linux\1.0\Linux.targets(437,5): error : g++ 已退出，代码为 2，请查看“输出窗口”-“生成输出”，了解详细信息(注意: 若要在“输出窗口”中查看详细信息，则可能需要在“工具选项”中更改生成输出的详细程度)。
  PerturbationOperators.cpp
E:\code\visualst\MSBuild\Microsoft\VC\v170\Application Type\Linux\1.0\Linux.targets(437,5): error : g++ 已退出，代码为 2，请查看“输出窗口”-“生成输出”，了解详细信息(注意: 若要在“输出窗口”中查看详细信息，则可能需要在“工具选项”中更改生成输出的详细程度)。
  TSPDS-main.cpp
E:\code\visualst\MSBuild\Microsoft\VC\v170\Application Type\Linux\1.0\Linux.targets(437,5): error : g++ 已退出，代码为 2，请查看“输出窗口”-“生成输出”，了解详细信息(注意: 若要在“输出窗口”中查看详细信息，则可能需要在“工具选项”中更改生成输出的详细程度)。
  TSPDSSolver.cpp
E:\code\visualst\MSBuild\Microsoft\VC\v170\Application Type\Linux\1.0\Linux.targets(437,5): error : g++ 已退出，代码为 2，请查看“输出窗口”-“生成输出”，了解详细信息(注意: 若要在“输出窗口”中查看详细信息，则可能需要在“工具选项”中更改生成输出的详细程度)。
  TSPDSUtils.cpp
E:\code\visualst\MSBuild\Microsoft\VC\v170\Application Type\Linux\1.0\Linux.targets(437,5): error : g++ 已退出，代码为 2，请查看“输出窗口”-“生成输出”，了解详细信息(注意: 若要在“输出窗口”中查看详细信息，则可能需要在“工具选项”中更改生成输出的详细程度)。
  VNSLogger.cpp
E:\code\visualst\MSBuild\Microsoft\VC\v170\Application Type\Linux\1.0\Linux.targets(437,5): error : g++ 已退出，代码为 2，请查看“输出窗口”-“生成输出”，了解详细信息(注意: 若要在“输出窗口”中查看详细信息，则可能需要在“工具选项”中更改生成输出的详细程度)。
